Component: ARM Compiler 5.06 update 7 (build 960) Tool: armlink [4d3601]

==============================================================================

Section Cross References

    startup_stm32h723xx.o(RESET) refers to startup_stm32h723xx.o(STACK) for __initial_sp
    startup_stm32h723xx.o(RESET) refers to startup_stm32h723xx.o(.text) for Reset_Handler
    startup_stm32h723xx.o(RESET) refers to stm32h7xx_it.o(i.NMI_Handler) for NMI_Handler
    startup_stm32h723xx.o(RESET) refers to stm32h7xx_it.o(i.HardFault_Handler) for HardFault_Handler
    startup_stm32h723xx.o(RESET) refers to stm32h7xx_it.o(i.MemManage_Handler) for MemManage_Handler
    startup_stm32h723xx.o(RESET) refers to stm32h7xx_it.o(i.BusFault_Handler) for BusFault_Handler
    startup_stm32h723xx.o(RESET) refers to stm32h7xx_it.o(i.UsageFault_Handler) for UsageFault_Handler
    startup_stm32h723xx.o(RESET) refers to stm32h7xx_it.o(i.DebugMon_Handler) for DebugMon_Handler
    startup_stm32h723xx.o(RESET) refers to stm32h7xx_it.o(i.DMA1_Stream0_IRQHandler) for DMA1_Stream0_IRQHandler
    startup_stm32h723xx.o(RESET) refers to stm32h7xx_it.o(i.DMA1_Stream1_IRQHandler) for DMA1_Stream1_IRQHandler
    startup_stm32h723xx.o(RESET) refers to stm32h7xx_it.o(i.DMA1_Stream2_IRQHandler) for DMA1_Stream2_IRQHandler
    startup_stm32h723xx.o(RESET) refers to stm32h7xx_it.o(i.DMA1_Stream3_IRQHandler) for DMA1_Stream3_IRQHandler
    startup_stm32h723xx.o(RESET) refers to stm32h7xx_it.o(i.DMA1_Stream4_IRQHandler) for DMA1_Stream4_IRQHandler
    startup_stm32h723xx.o(RESET) refers to stm32h7xx_it.o(i.DMA1_Stream5_IRQHandler) for DMA1_Stream5_IRQHandler
    startup_stm32h723xx.o(RESET) refers to stm32h7xx_it.o(i.DMA1_Stream6_IRQHandler) for DMA1_Stream6_IRQHandler
    startup_stm32h723xx.o(RESET) refers to stm32h7xx_it.o(i.FDCAN1_IT0_IRQHandler) for FDCAN1_IT0_IRQHandler
    startup_stm32h723xx.o(RESET) refers to stm32h7xx_it.o(i.FDCAN2_IT0_IRQHandler) for FDCAN2_IT0_IRQHandler
    startup_stm32h723xx.o(RESET) refers to stm32h7xx_it.o(i.FDCAN1_IT1_IRQHandler) for FDCAN1_IT1_IRQHandler
    startup_stm32h723xx.o(RESET) refers to stm32h7xx_it.o(i.FDCAN2_IT1_IRQHandler) for FDCAN2_IT1_IRQHandler
    startup_stm32h723xx.o(RESET) refers to stm32h7xx_it.o(i.SPI2_IRQHandler) for SPI2_IRQHandler
    startup_stm32h723xx.o(RESET) refers to stm32h7xx_it.o(i.USART1_IRQHandler) for USART1_IRQHandler
    startup_stm32h723xx.o(RESET) refers to stm32h7xx_it.o(i.USART2_IRQHandler) for USART2_IRQHandler
    startup_stm32h723xx.o(RESET) refers to stm32h7xx_it.o(i.USART3_IRQHandler) for USART3_IRQHandler
    startup_stm32h723xx.o(RESET) refers to stm32h7xx_it.o(i.TIM8_UP_TIM13_IRQHandler) for TIM8_UP_TIM13_IRQHandler
    startup_stm32h723xx.o(RESET) refers to stm32h7xx_it.o(i.TIM8_TRG_COM_TIM14_IRQHandler) for TIM8_TRG_COM_TIM14_IRQHandler
    startup_stm32h723xx.o(RESET) refers to stm32h7xx_it.o(i.DMA1_Stream7_IRQHandler) for DMA1_Stream7_IRQHandler
    startup_stm32h723xx.o(RESET) refers to stm32h7xx_it.o(i.UART5_IRQHandler) for UART5_IRQHandler
    startup_stm32h723xx.o(RESET) refers to stm32h7xx_it.o(i.TIM6_DAC_IRQHandler) for TIM6_DAC_IRQHandler
    startup_stm32h723xx.o(RESET) refers to stm32h7xx_it.o(i.TIM7_IRQHandler) for TIM7_IRQHandler
    startup_stm32h723xx.o(RESET) refers to stm32h7xx_it.o(i.DMA2_Stream0_IRQHandler) for DMA2_Stream0_IRQHandler
    startup_stm32h723xx.o(RESET) refers to stm32h7xx_it.o(i.DMA2_Stream1_IRQHandler) for DMA2_Stream1_IRQHandler
    startup_stm32h723xx.o(RESET) refers to stm32h7xx_it.o(i.DMA2_Stream4_IRQHandler) for DMA2_Stream4_IRQHandler
    startup_stm32h723xx.o(RESET) refers to stm32h7xx_it.o(i.DMA2_Stream5_IRQHandler) for DMA2_Stream5_IRQHandler
    startup_stm32h723xx.o(RESET) refers to stm32h7xx_it.o(i.DMA2_Stream6_IRQHandler) for DMA2_Stream6_IRQHandler
    startup_stm32h723xx.o(RESET) refers to stm32h7xx_it.o(i.DMA2_Stream7_IRQHandler) for DMA2_Stream7_IRQHandler
    startup_stm32h723xx.o(RESET) refers to stm32h7xx_it.o(i.OTG_HS_IRQHandler) for OTG_HS_IRQHandler
    startup_stm32h723xx.o(RESET) refers to stm32h7xx_it.o(i.UART7_IRQHandler) for UART7_IRQHandler
    startup_stm32h723xx.o(RESET) refers to stm32h7xx_it.o(i.TIM16_IRQHandler) for TIM16_IRQHandler
    startup_stm32h723xx.o(RESET) refers to stm32h7xx_it.o(i.TIM17_IRQHandler) for TIM17_IRQHandler
    startup_stm32h723xx.o(RESET) refers to stm32h7xx_it.o(i.USART10_IRQHandler) for USART10_IRQHandler
    startup_stm32h723xx.o(RESET) refers to stm32h7xx_it.o(i.FDCAN3_IT0_IRQHandler) for FDCAN3_IT0_IRQHandler
    startup_stm32h723xx.o(RESET) refers to stm32h7xx_it.o(i.FDCAN3_IT1_IRQHandler) for FDCAN3_IT1_IRQHandler
    startup_stm32h723xx.o(RESET) refers to stm32h7xx_it.o(i.TIM23_IRQHandler) for TIM23_IRQHandler
    startup_stm32h723xx.o(.text) refers to system_stm32h7xx.o(i.SystemInit) for SystemInit
    startup_stm32h723xx.o(.text) refers to entry.o(.ARM.Collect$$$$00000000) for __main
[...]
    i.FDCAN1_IT0_IRQHandler                  0x0800080c   Section        0  stm32h7xx_it.o(i.FDCAN1_IT0_IRQHandler)
    i.FDCAN1_IT1_IRQHandler                  0x08000818   Section        0  stm32h7xx_it.o(i.FDCAN1_IT1_IRQHandler)
    i.FDCAN2_IT0_IRQHandler                  0x08000824   Section        0  stm32h7xx_it.o(i.FDCAN2_IT0_IRQHandler)
    i.FDCAN2_IT1_IRQHandler                  0x08000830   Section        0  stm32h7xx_it.o(i.FDCAN2_IT1_IRQHandler)
    i.FDCAN3_IT0_IRQHandler                  0x0800083c   Section        0  stm32h7xx_it.o(i.FDCAN3_IT0_IRQHandler)
    i.FDCAN3_IT1_IRQHandler                  0x08000848   Section        0  stm32h7xx_it.o(i.FDCAN3_IT1_IRQHandler)
    i.FDCAN_CalcultateRamBlockAddresses      0x08000854   Section        0  stm32h7xx_hal_fdcan.o(i.FDCAN_CalcultateRamBlockAddresses)
    FDCAN_CalcultateRamBlockAddresses        0x08000855   Thumb Code   446  stm32h7xx_hal_fdcan.o(i.FDCAN_CalcultateRamBlockAddresses)
    i.FDCAN_CopyMessageToRAM                 0x08000a1c   Section        0  stm32h7xx_hal_fdcan.o(i.FDCAN_CopyMessageToRAM)
    FDCAN_CopyMessageToRAM                   0x08000a1d   Thumb Code   118  stm32h7xx_hal_fdcan.o(i.FDCAN_CopyMessageToRAM)
    i.HAL_DMA_Abort                          0x08000a98   Section        0  stm32h7xx_hal_dma.o(i.HAL_DMA_Abort)
    i.HAL_DMA_Abort_IT                       0x08000df8   Section        0  stm32h7xx_hal_dma.o(i.HAL_DMA_Abort_IT)
    i.HAL_DMA_IRQHandler                     0x0800107c   Section        0  stm32h7xx_hal_dma.o(i.HAL_DMA_IRQHandler)
    i.HAL_DMA_Init                           0x08001764   Section        0  stm32h7xx_hal_dma.o(i.HAL_DMA_Init)
    i.HAL_Delay                              0x08001b20   Section        0  stm32h7xx_hal.o(i.HAL_Delay)
    i.HAL_FDCAN_ActivateNotification         0x08001b44   Section        0  stm32h7xx_hal_fdcan.o(i.HAL_FDCAN_ActivateNotification)
    i.HAL_FDCAN_AddMessageToTxFifoQ          0x08001bcc   Section        0  stm32h7xx_hal_fdcan.o(i.HAL_FDCAN_AddMessageToTxFifoQ)
    i.HAL_FDCAN_ClockCalibrationCallback     0x08001c32   Section        0  stm32h7xx_hal_fdcan.o(i.HAL_FDCAN_ClockCalibrationCallback)
    i.HAL_FDCAN_ConfigFilter                 0x08001c34   Section        0  stm32h7xx_hal_fdcan.o(i.HAL_FDCAN_ConfigFilter)
    i.HAL_FDCAN_ConfigGlobalFilter           0x08001cb2   Section        0  stm32h7xx_hal_fdcan.o(i.HAL_FDCAN_ConfigGlobalFilter)
    i.HAL_FDCAN_ErrorCallback                0x08001ce4   Section        0  stm32h7xx_hal_fdcan.o(i.HAL_FDCAN_ErrorCallback)
    i.HAL_FDCAN_ErrorStatusCallback          0x08001ce6   Section        0  stm32h7xx_hal_fdcan.o(i.HAL_FDCAN_ErrorStatusCallback)
    i.HAL_FDCAN_GetRxMessage                 0x08001ce8   Section        0  stm32h7xx_hal_fdcan.o(i.HAL_FDCAN_GetRxMessage)
    i.HAL_FDCAN_HighPriorityMessageCallback  0x08001e74   Section        0  stm32h7xx_hal_fdcan.o(i.HAL_FDCAN_HighPriorityMessageCallback)
    i.HAL_FDCAN_IRQHandler                   0x08001e78   Section        0  stm32h7xx_hal_fdcan.o(i.HAL_FDCAN_IRQHandler)
    i.HAL_FDCAN_Init                         0x08002198   Section        0  stm32h7xx_hal_fdcan.o(i.HAL_FDCAN_Init)
    i.HAL_FDCAN_MspInit                      0x080023dc   Section        0  fdcan.o(i.HAL_FDCAN_MspInit)
    i.HAL_FDCAN_RxBufferNewMessageCallback   0x080025a8   Section        0  stm32h7xx_hal_fdcan.o(i.HAL_FDCAN_RxBufferNewMessageCallback)
    i.HAL_FDCAN_RxFifo0Callback              0x080025ac   Section        0  can_receive_send.o(i.HAL_FDCAN_RxFifo0Callback)
    i.HAL_FDCAN_RxFifo1Callback              0x08002670   Section        0  stm32h7xx_hal_fdcan.o(i.HAL_FDCAN_RxFifo1Callback)
    i.HAL_FDCAN_Start                        0x08002672   Section        0  stm32h7xx_hal_fdcan.o(i.HAL_FDCAN_Start)
    i.HAL_FDCAN_TT_GlobalTimeCallback        0x080026a4   Section        0  stm32h7xx_hal_fdcan.o(i.HAL_FDCAN_TT_GlobalTimeCallback)
    i.HAL_FDCAN_TT_ScheduleSyncCallback      0x080026a6   Section        0  stm32h7xx_hal_fdcan.o(i.HAL_FDCAN_TT_ScheduleSyncCallback)
    i.HAL_FDCAN_TT_StopWatchCallback         0x080026a8   Section        0  stm32h7xx_hal_fdcan.o(i.HAL_FDCAN_TT_StopWatchCallback)
    i.HAL_FDCAN_TT_TimeMarkCallback          0x080026aa   Section        0  stm32h7xx_hal_fdcan.o(i.HAL_FDCAN_TT_TimeMarkCallback)
    i.HAL_FDCAN_TimeoutOccurredCallback      0x080026ac   Section        0  stm32h7xx_hal_fdcan.o(i.HAL_FDCAN_TimeoutOccurredCallback)
    i.HAL_FDCAN_TimestampWraparoundCallback  0x080026ae   Section        0  stm32h7xx_hal_fdcan.o(i.HAL_FDCAN_TimestampWraparoundCallback)
    i.HAL_FDCAN_TxBufferAbortCallback        0x080026b0   Section        0  stm32h7xx_hal_fdcan.o(i.HAL_FDCAN_TxBufferAbortCallback)
    i.HAL_FDCAN_TxBufferCompleteCallback     0x080026b2   Section        0  stm32h7xx_hal_fdcan.o(i.HAL_FDCAN_TxBufferCompleteCallback)
    i.HAL_FDCAN_TxEventFifoCallback          0x080026b4   Section        0  stm32h7xx_hal_fdcan.o(i.HAL_FDCAN_TxEventFifoCallback)
    i.HAL_FDCAN_TxFifoEmptyCallback          0x080026b6   Section        0  stm32h7xx_hal_fdcan.o(i.HAL_FDCAN_TxFifoEmptyCallback)
    i.HAL_GPIO_Init                          0x080026b8   Section        0  stm32h7xx_hal_gpio.o(i.HAL_GPIO_Init)
    i.HAL_GPIO_WritePin                      0x080028d4   Section        0  stm32h7xx_hal_gpio.o(i.HAL_GPIO_WritePin)
    i.HAL_GetTick                            0x080028e0   Section        0  stm32h7xx_hal.o(i.HAL_GetTick)
    i.HAL_IWDG_Init                          0x080028ec   Section        0  stm32h7xx_hal_iwdg.o(i.HAL_IWDG_Init)
    i.HAL_IncTick                            0x08002954   Section        0  stm32h7xx_hal.o(i.HAL_IncTick)
    i.HAL_Init                               0x08002964   Section        0  stm32h7xx_hal.o(i.HAL_Init)
    i.HAL_InitTick                           0x080029c0   Section        0  stm32h7xx_hal_timebase_tim.o(i.HAL_InitTick)
    i.HAL_MspInit                            0x08002a44   Section        0  stm32h7xx_hal_msp.o(i.HAL_MspInit)
    i.HAL_NVIC_EnableIRQ                     0x08002a68   Section        0  stm32h7xx_hal_cortex.o(i.HAL_NVIC_EnableIRQ)
    i.HAL_NVIC_SetPriority                   0x08002a84   Section        0  stm32h7xx_hal_cortex.o(i.HAL_NVIC_SetPriority)
    i.HAL_NVIC_SetPriorityGrouping           0x08002ac4   Section        0  stm32h7xx_hal_cortex.o(i.HAL_NVIC_SetPriorityGrouping)
    i.HAL_PWREx_ConfigSupply                 0x08002ae8   Section        0  stm32h7xx_hal_pwr_ex.o(i.HAL_PWREx_ConfigSupply)
    i.HAL_RCCEx_GetD3PCLK1Freq               0x08002b3c   Section        0  stm32h7xx_hal_rcc_ex.o(i.HAL_RCCEx_GetD3PCLK1Freq)
    i.HAL_RCCEx_GetPLL2ClockFreq             0x08002b60   Section        0  stm32h7xx_hal_rcc_ex.o(i.HAL_RCCEx_GetPLL2ClockFreq)
    i.HAL_RCCEx_GetPLL3ClockFreq             0x08002ca4   Section        0  stm32h7xx_hal_rcc_ex.o(i.HAL_RCCEx_GetPLL3ClockFreq)
    i.HAL_RCCEx_PeriphCLKConfig              0x08002de8   Section        0  stm32h7xx_hal_rcc_ex.o(i.HAL_RCCEx_PeriphCLKConfig)
    i.HAL_RCC_ClockConfig                    0x08003724   Section        0  stm32h7xx_hal_rcc.o(i.HAL_RCC_ClockConfig)
    i.HAL_RCC_GetClockConfig                 0x08003980   Section        0  stm32h7xx_hal_rcc.o(i.HAL_RCC_GetClockConfig)
    i.HAL_RCC_GetHCLKFreq                    0x080039dc   Section        0  stm32h7xx_hal_rcc.o(i.HAL_RCC_GetHCLKFreq)
    i.HAL_RCC_GetPCLK1Freq                   0x08003a20   Section        0  stm32h7xx_hal_rcc.o(i.HAL_RCC_GetPCLK1Freq)
    i.HAL_RCC_GetPCLK2Freq                   0x08003a44   Section        0  stm32h7xx_hal_rcc.o(i.HAL_RCC_GetPCLK2Freq)
    i.HAL_RCC_GetSysClockFreq                0x08003a68   Section        0  stm32h7xx_hal_rcc.o(i.HAL_RCC_GetSysClockFreq)
    i.HAL_RCC_MCOConfig                      0x08003ba0   Section        0  stm32h7xx_hal_rcc.o(i.HAL_RCC_MCOConfig)
    i.HAL_RCC_OscConfig                      0x08003c34   Section        0  stm32h7xx_hal_rcc.o(i.HAL_RCC_OscConfig)
    i.HAL_RS485Ex_Init                       0x0800415c   Section        0  stm32h7xx_hal_uart_ex.o(i.HAL_RS485Ex_Init)
    i.HAL_TIMEx_Break2Callback               0x080041e8   Section        0  stm32h7xx_hal_tim_ex.o(i.HAL_TIMEx_Break2Callback)
    i.HAL_TIMEx_BreakCallback                0x080041ea   Section        0  stm32h7xx_hal_tim_ex.o(i.HAL_TIMEx_BreakCallback)
    i.HAL_TIMEx_CommutCallback               0x080041ec   Section        0  stm32h7xx_hal_tim_ex.o(i.HAL_TIMEx_CommutCallback)
    i.HAL_TIMEx_ConfigBreakDeadTime          0x080041f0   Section        0  stm32h7xx_hal_tim_ex.o(i.HAL_TIMEx_ConfigBreakDeadTime)
    i.HAL_TIMEx_MasterConfigSynchronization  0x08004290   Section        0  stm32h7xx_hal_tim_ex.o(i.HAL_TIMEx_MasterConfigSynchronization)
    i.HAL_TIM_Base_Init                      0x08004348   Section        0  stm32h7xx_hal_tim.o(i.HAL_TIM_Base_Init)
    i.HAL_TIM_Base_MspInit                   0x080043ac   Section        0  tim.o(i.HAL_TIM_Base_MspInit)
    i.HAL_TIM_Base_Start_IT                  0x080044b4   Section        0  stm32h7xx_hal_tim.o(i.HAL_TIM_Base_Start_IT)
    i.HAL_TIM_IC_CaptureCallback             0x08004554   Section        0  stm32h7xx_hal_tim.o(i.HAL_TIM_IC_CaptureCallback)
    i.HAL_TIM_IRQHandler                     0x08004556   Section        0  stm32h7xx_hal_tim.o(i.HAL_TIM_IRQHandler)
    i.HAL_TIM_MspPostInit                    0x080046a0   Section        0  tim.o(i.HAL_TIM_MspPostInit)
    i.HAL_TIM_OC_DelayElapsedCallback        0x08004778   Section        0  stm32h7xx_hal_tim.o(i.HAL_TIM_OC_DelayElapsedCallback)
    i.HAL_TIM_PWM_ConfigChannel              0x0800477a   Section        0  stm32h7xx_hal_tim.o(i.HAL_TIM_PWM_ConfigChannel)
    i.HAL_TIM_PWM_Init                       0x0800489e   Section        0  stm32h7xx_hal_tim.o(i.HAL_TIM_PWM_Init)
    i.HAL_TIM_PWM_MspInit                    0x08004900   Section        0  tim.o(i.HAL_TIM_PWM_MspInit)
    i.HAL_TIM_PWM_PulseFinishedCallback      0x08004968   Section        0  stm32h7xx_hal_tim.o(i.HAL_TIM_PWM_PulseFinishedCallback)
    i.HAL_TIM_PeriodElapsedCallback          0x0800496c   Section        0  main.o(i.HAL_TIM_PeriodElapsedCallback)
    i.HAL_TIM_TriggerCallback                0x080049f4   Section        0  stm32h7xx_hal_tim.o(i.HAL_TIM_TriggerCallback)
    i.HAL_UARTEx_DisableFifoMode             0x080049f6   Section        0  stm32h7xx_hal_uart_ex.o(i.HAL_UARTEx_DisableFifoMode)
    i.HAL_UARTEx_RxEventCallback             0x08004a36   Section        0  stm32h7xx_hal_uart.o(i.HAL_UARTEx_RxEventCallback)
    i.HAL_UARTEx_RxFifoFullCallback          0x08004a38   Section        0  stm32h7xx_hal_uart_ex.o(i.HAL_UARTEx_RxFifoFullCallback)
    i.HAL_UARTEx_SetRxFifoThreshold          0x08004a3a   Section        0  stm32h7xx_hal_uart_ex.o(i.HAL_UARTEx_SetRxFifoThreshold)
    i.HAL_UARTEx_SetTxFifoThreshold          0x08004a86   Section        0  stm32h7xx_hal_uart_ex.o(i.HAL_UARTEx_SetTxFifoThreshold)
    i.HAL_UARTEx_TxFifoEmptyCallback         0x08004ad2   Section        0  stm32h7xx_hal_uart_ex.o(i.HAL_UARTEx_TxFifoEmptyCallback)
    i.HAL_UARTEx_WakeupCallback              0x08004ad4   Section        0  stm32h7xx_hal_uart_ex.o(i.HAL_UARTEx_WakeupCallback)
    i.HAL_UART_ErrorCallback                 0x08004ad6   Section        0  stm32h7xx_hal_uart.o(i.HAL_UART_ErrorCallback)
    i.HAL_UART_IRQHandler                    0x08004ad8   Section        0  stm32h7xx_hal_uart.o(i.HAL_UART_IRQHandler)
    i.HAL_UART_Init                          0x08004e60   Section        0  stm32h7xx_hal_uart.o(i.HAL_UART_Init)
    i.HAL_UART_MspInit                       0x08004ecc   Section        0  usart.o(i.HAL_UART_MspInit)
    i.HAL_UART_TxCpltCallback                0x080054fc   Section        0  stm32h7xx_hal_uart.o(i.HAL_UART_TxCpltCallback)
    i.HardFault_Handler                      0x080054fe   Section        0  stm32h7xx_it.o(i.HardFault_Handler)
    i.MX_FDCAN1_Init                         0x08005500   Section        0  fdcan.o(i.MX_FDCAN1_Init)
    i.MX_FDCAN2_Init                         0x08005564   Section        0  fdcan.o(i.MX_FDCAN2_Init)
    i.MX_FDCAN3_Init                         0x080055cc   Section        0  fdcan.o(i.MX_FDCAN3_Init)
    i.MX_GPIO_Init                           0x08005634   Section        0  gpio.o(i.MX_GPIO_Init)
    i.MX_IWDG1_Init                          0x0800572c   Section        0  iwdg.o(i.MX_IWDG1_Init)
    i.MX_TIM12_Init                          0x0800575c   Section        0  tim.o(i.MX_TIM12_Init)
    i.MX_TIM13_Init                          0x080057cc   Section        0  tim.o(i.MX_TIM13_Init)
    i.MX_TIM14_Init                          0x08005800   Section        0  tim.o(i.MX_TIM14_Init)
    i.MX_TIM16_Init                          0x08005834   Section        0  tim.o(i.MX_TIM16_Init)
    i.MX_TIM17_Init                          0x0800586c   Section        0  tim.o(i.MX_TIM17_Init)
    i.MX_TIM1_Init                           0x080058a0   Section        0  tim.o(i.MX_TIM1_Init)
    i.MX_TIM2_Init                           0x08005960   Section        0  tim.o(i.MX_TIM2_Init)
    i.MX_TIM3_Init                           0x080059e4   Section        0  tim.o(i.MX_TIM3_Init)
    i.MX_TIM6_Init                           0x08005a58   Section        0  tim.o(i.MX_TIM6_Init)
    i.MX_TIM7_Init                           0x08005aa0   Section        0  tim.o(i.MX_TIM7_Init)
    i.MX_UART7_Init                          0x08005ae8   Section        0  usart.o(i.MX_UART7_Init)
    i.MX_USART10_UART_Init                   0x08005b50   Section        0  usart.o(i.MX_USART10_UART_Init)
    i.MX_USART1_UART_Init                    0x08005bb8   Section        0  usart.o(i.MX_USART1_UART_Init)
    i.MX_USART2_UART_Init                    0x08005c20   Section        0  usart.o(i.MX_USART2_UART_Init)
    i.MX_USART3_UART_Init                    0x08005c8c   Section        0  usart.o(i.MX_USART3_UART_Init)
    i.MemManage_Handler                      0x08005cf8   Section        0  stm32h7xx_it.o(i.MemManage_Handler)
    i.NMI_Handler                            0x08005cfa   Section        0  stm32h7xx_it.o(i.NMI_Handler)
    i.OTG_HS_IRQHandler                      0x08005cfc   Section        0  stm32h7xx_it.o(i.OTG_HS_IRQHandler)
    i.RCCEx_PLL2_Config                      0x08005d00   Section        0  stm32h7xx_hal_rcc_ex.o(i.RCCEx_PLL2_Config)
    RCCEx_PLL2_Config                        0x08005d01   Thumb Code   284  stm32h7xx_hal_rcc_ex.o(i.RCCEx_PLL2_Config)
    i.RCCEx_PLL3_Config                      0x08005e20   Section        0  stm32h7xx_hal_rcc_ex.o(i.RCCEx_PLL3_Config)
    RCCEx_PLL3_Config                        0x08005e21   Thumb Code   284  stm32h7xx_hal_rcc_ex.o(i.RCCEx_PLL3_Config)
    i.SPI2_IRQHandler                        0x08005f40   Section        0  stm32h7xx_it.o(i.SPI2_IRQHandler)
    i.SystemClock_Config                     0x08005f44   Section        0  main.o(i.SystemClock_Config)
    i.SystemInit                             0x08005fec   Section        0  system_stm32h7xx.o(i.SystemInit)
    i.TIM16_IRQHandler                       0x080060ac   Section        0  stm32h7xx_it.o(i.TIM16_IRQHandler)
    i.TIM17_IRQHandler                       0x080060b8   Section        0  stm32h7xx_it.o(i.TIM17_IRQHandler)
    i.TIM23_IRQHandler                       0x080060c4   Section        0  stm32h7xx_it.o(i.TIM23_IRQHandler)
    i.TIM6_DAC_IRQHandler                    0x080060d0   Section        0  stm32h7xx_it.o(i.TIM6_DAC_IRQHandler)
    i.TIM7_IRQHandler                        0x080060dc   Section        0  stm32h7xx_it.o(i.TIM7_IRQHandler)
    i.TIM8_TRG_COM_TIM14_IRQHandler          0x080060e8   Section        0  stm32h7xx_it.o(i.TIM8_TRG_COM_TIM14_IRQHandler)
    i.TIM8_UP_TIM13_IRQHandler               0x080060f4   Section        0  stm32h7xx_it.o(i.TIM8_UP_TIM13_IRQHandler)
    i.TIM_Base_SetConfig                     0x08006100   Section        0  stm32h7xx_hal_tim.o(i.TIM_Base_SetConfig)
    i.TIM_OC1_SetConfig                      0x080061e4   Section        0  stm32h7xx_hal_tim.o(i.TIM_OC1_SetConfig)
    TIM_OC1_SetConfig                        0x080061e5   Thumb Code   140  stm32h7xx_hal_tim.o(i.TIM_OC1_SetConfig)
    i.TIM_OC2_SetConfig                      0x08006288   Section        0  stm32h7xx_hal_tim.o(i.TIM_OC2_SetConfig)
    i.TIM_OC3_SetConfig                      0x08006320   Section        0  stm32h7xx_hal_tim.o(i.TIM_OC3_SetConfig)
    TIM_OC3_SetConfig                        0x08006321   Thumb Code   126  stm32h7xx_hal_tim.o(i.TIM_OC3_SetConfig)
    i.TIM_OC4_SetConfig                      0x080063b8   Section        0  stm32h7xx_hal_tim.o(i.TIM_OC4_SetConfig)
    TIM_OC4_SetConfig                        0x080063b9   Thumb Code    96  stm32h7xx_hal_tim.o(i.TIM_OC4_SetConfig)
    i.TIM_OC5_SetConfig                      0x08006430   Section        0  stm32h7xx_hal_tim.o(i.TIM_OC5_SetConfig)
    TIM_OC5_SetConfig                        0x08006431   Thumb Code    90  stm32h7xx_hal_tim.o(i.TIM_OC5_SetConfig)
    i.TIM_OC6_SetConfig                      0x080064a4   Section        0  stm32h7xx_hal_tim.o(i.TIM_OC6_SetConfig)
    TIM_OC6_SetConfig                        0x080064a5   Thumb Code    90  stm32h7xx_hal_tim.o(i.TIM_OC6_SetConfig)
    i.UART5_IRQHandler                       0x08006518   Section        0  stm32h7xx_it.o(i.UART5_IRQHandler)
    i.UART7_IRQHandler                       0x0800651a   Section        0  stm32h7xx_it.o(i.UART7_IRQHandler)
    i.UARTEx_SetNbDataToProcess              0x0800651c   Section        0  stm32h7xx_hal_uart_ex.o(i.UARTEx_SetNbDataToProcess)
    UARTEx_SetNbDataToProcess                0x0800651d   Thumb Code    62  stm32h7xx_hal_uart_ex.o(i.UARTEx_SetNbDataToProcess)
    i.UART_AdvFeatureConfig                  0x08006560   Section        0  stm32h7xx_hal_uart.o(i.UART_AdvFeatureConfig)
    i.UART_CheckIdleState                    0x08006628   Section        0  stm32h7xx_hal_uart.o(i.UART_CheckIdleState)
    i.UART_DMAAbortOnError                   0x080066d2   Section        0  stm32h7xx_hal_uart.o(i.UART_DMAAbortOnError)
    UART_DMAAbortOnError                     0x080066d3   Thumb Code    20  stm32h7xx_hal_uart.o(i.UART_DMAAbortOnError)
    i.UART_EndRxTransfer                     0x080066e8   Section        0  stm32h7xx_hal_uart.o(i.UART_EndRxTransfer)
    UART_EndRxTransfer                       0x080066e9   Thumb Code    78  stm32h7xx_hal_uart.o(i.UART_EndRxTransfer)
    i.UART_SetConfig                         0x0800673c   Section        0  stm32h7xx_hal_uart.o(i.UART_SetConfig)
    i.UART_WaitOnFlagUntilTimeout            0x08006b18   Section        0  stm32h7xx_hal_uart.o(i.UART_WaitOnFlagUntilTimeout)
    i.USART10_IRQHandler                     0x08006bac   Section        0  stm32h7xx_it.o(i.USART10_IRQHandler)
    i.USART1_IRQHandler                      0x08006bae   Section        0  stm32h7xx_it.o(i.USART1_IRQHandler)
    i.USART2_IRQHandler                      0x08006bb0   Section        0  stm32h7xx_it.o(i.USART2_IRQHandler)
    i.USART3_IRQHandler                      0x08006bbc   Section        0  stm32h7xx_it.o(i.USART3_IRQHandler)
    i.UsageFault_Handler                     0x08006bc8   Section        0  stm32h7xx_it.o(i.UsageFault_Handler)
    i.__NVIC_SetPriority                     0x08006bca   Section        0  stm32h7xx_hal_cortex.o(i.__NVIC_SetPriority)
    __NVIC_SetPriority                       0x08006bcb   Thumb Code    34  stm32h7xx_hal_cortex.o(i.__NVIC_SetPriority)
    i.__scatterload_copy                     0x08006bec   Section       14  handlers.o(i.__scatterload_copy)
    i.__scatterload_null                     0x08006bfa   Section        2  handlers.o(i.__scatterload_null)
    i.__scatterload_zeroinit                 0x08006bfc   Section       14  handlers.o(i.__scatterload_zeroinit)
    i.can_filter_init                        0x08006c0c   Section        0  can_receive_send.o(i.can_filter_init)
    i.decode_as_3508                         0x08006ca8   Section        0  can_receive_send.o(i.decode_as_3508)
    i.fdcanx_receive                         0x08006d1c   Section        0  can_receive_send.o(i.fdcanx_receive)
    i.get_motor_measure                      0x08006d38   Section        0  can_receive_send.o(i.get_motor_measure)
    i.main                                   0x08006d54   Section        0  main.o(i.main)
    i.process_motor_data                     0x08006dc8   Section        0  can_receive_send.o(i.process_motor_data)
    .constdata                               0x08006e64   Section        8  stm32h7xx_hal_dma.o(.constdata)
    flagBitshiftOffset                       0x08006e64   Data           8  stm32h7xx_hal_dma.o(.constdata)
    .constdata                               0x08006e6c   Section       92  stm32h7xx_hal_fdcan.o(.constdata)
    DLCtoBytes                               0x08006e6c   Data          16  stm32h7xx_hal_fdcan.o(.constdata)
    .constdata                               0x08006ec8   Section       24  stm32h7xx_hal_uart.o(.constdata)
    .constdata                               0x08006ee0   Section       16  stm32h7xx_hal_uart_ex.o(.constdata)
    numerator                                0x08006ee0   Data           8  stm32h7xx_hal_uart_ex.o(.constdata)
    denominator                              0x08006ee8   Data           8  stm32h7xx_hal_uart_ex.o(.constdata)
    .constdata                               0x08006ef0   Section       16  system_stm32h7xx.o(.constdata)
    .data                                    0x24000000   Section       12  stm32h7xx_hal.o(.data)
    .data                                    0x2400000c   Section        8  system_stm32h7xx.o(.data)
    .data                                    0x24000014   Section       24  main.o(.data)
    .data                                    0x2400002c   Section        4  fdcan.o(.data)
    HAL_RCC_FDCAN_CLK_ENABLED                0x2400002c   Data           4  fdcan.o(.data)
    .bss                                     0x24000030   Section      480  fdcan.o(.bss)
    .bss                                     0x24000210   Section     2328  usart.o(.bss)
    .bss                                     0x24000b28   Section       76  stm32h7xx_hal_timebase_tim.o(.bss)
    .bss                                     0x24000b74   Section      760  tim.o(.bss)
    .bss                                     0x24000e6c   Section       16  iwdg.o(.bss)
    .bss                                     0x24000e80   Section     1960  can_receive_send.o(.bss)
    tx_message                               0x24000e80   Data          36  can_receive_send.o(.bss)
    tx_message                               0x24000ea4   Data          36  can_receive_send.o(.bss)
    tx_message                               0x24000ec8   Data          36  can_receive_send.o(.bss)
    STACK                                    0x24001628   Section    65536  startup_stm32h723xx.o(STACK)

    Global Symbols

    Symbol Name                              Value     Ov Type        Size  Object(Section)

    BuildAttributes$$THM_ISAv4$E$P$D$K$B$S$7EM$VFPv5_D16$PE$PLD8$A:L22UL41UL21$X:L11$S22US41US21$IEEE1$IW$USESV6$~STKCKD$USESV7$~SHL$OTIME$ROPI$EBA8$MICROLIB$REQ8$PRES8$EABIv2 0x00000000   Number         0  anon$$obj.o ABSOLUTE
    __ARM_use_no_argv                        0x00000000   Number         0  main.o ABSOLUTE
    __arm_fini_                               - Undefined Weak Reference
    __cpp_initialize__aeabi_                  - Undefined Weak Reference
    __cxa_finalize                            - Undefined Weak Reference
    __decompress                              - Undefined Weak Reference
    _clock_init                               - Undefined Weak Reference
    _microlib_exit                            - Undefined Weak Reference
    __Vectors_Size                           0x000002cc   Number         0  startup_stm32h723xx.o ABSOLUTE
    __Vectors                                0x08000000   Data           4  startup_stm32h723xx.o(RESET)
    __Vectors_End                            0x080002cc   Data           0  startup_stm32h723xx.o(RESET)
    __main                                   0x080002cd   Thumb Code     0  entry.o(.ARM.Collect$$$$00000000)
    _main_stk                                0x080002cd   Thumb Code     0  entry2.o(.ARM.Collect$$$$00000001)
    _main_scatterload                        0x080002d1   Thumb Code     0  entry5.o(.ARM.Collect$$$$00000004)
    __main_after_scatterload                 0x080002d5   Thumb Code     0  entry5.o(.ARM.Collect$$$$00000004)
    _main_clock                              0x080002d5   Thumb Code     0  entry7b.o(.ARM.Collect$$$$00000008)
    _main_cpp_init                           0x080002d5   Thumb Code     0  entry8b.o(.ARM.Collect$$$$0000000A)
    _main_init                               0x080002d5   Thumb Code     0  entry9a.o(.ARM.Collect$$$$0000000B)
    __rt_lib_shutdown_fini                   0x080002dd   Thumb Code     0  entry12b.o(.ARM.Collect$$$$0000000E)
    __rt_final_cpp                           0x080002e1   Thumb Code     0  entry10a.o(.ARM.Collect$$$$0000000F)
    __rt_final_exit                          0x080002e1   Thumb Code     0  entry11a.o(.ARM.Collect$$$$00000011)
    Reset_Handler                            0x080002e5   Thumb Code     8  startup_stm32h723xx.o(.text)
    SVC_Handler                              0x080002f7   Thumb Code     2  startup_stm32h723xx.o(.text)
    PendSV_Handler                           0x080002fb   Thumb Code     2  startup_stm32h723xx.o(.text)
    SysTick_Handler                          0x080002fd   Thumb Code     2  startup_stm32h723xx.o(.text)
    ADC3_IRQHandler                          0x080002ff   Thumb Code     0  startup_stm32h723xx.o(.text)
    ADC_IRQHandler                           0x080002ff   Thumb Code     0  startup_stm32h723xx.o(.text)
    BDMA_Channel0_IRQHandler                 0x080002ff   Thumb Code     0  startup_stm32h723xx.o(.text)
    BDMA_Channel1_IRQHandler                 0x080002ff   Thumb Code     0  startup_stm32h723xx.o(.text)
    BDMA_Channel2_IRQHandler                 0x080002ff   Thumb Code     0  startup_stm32h723xx.o(.text)
    BDMA_Channel3_IRQHandler                 0x080002ff   Thumb Code     0  startup_stm32h723xx.o(.text)
    BDMA_Channel4_IRQHandler                 0x080002ff   Thumb Code     0  startup_stm32h723xx.o(.text)
    BDMA_Channel5_IRQHandler                 0x080002ff   Thumb Code     0  startup_stm32h723xx.o(.text)
    BDMA_Channel6_IRQHandler                 0x080002ff   Thumb Code     0  startup_stm32h723xx.o(.text)
    BDMA_Channel7_IRQHandler                 0x080002ff   Thumb Code     0  startup_stm32h723xx.o(.text)
    CEC_IRQHandler                           0x080002ff   Thumb Code     0  startup_stm32h723xx.o(.text)
    COMP1_IRQHandler                         0x080002ff   Thumb Code     0  startup_stm32h723xx.o(.text)
    CORDIC_IRQHandler                        0x080002ff   Thumb Code     0  startup_stm32h723xx.o(.text)
    CRS_IRQHandler                           0x080002ff   Thumb Code     0  startup_stm32h723xx.o(.text)
    DCMI_PSSI_IRQHandler                     0x080002ff   Thumb Code     0  startup_stm32h723xx.o(.text)
    DFSDM1_FLT0_IRQHandler                   0x080002ff   Thumb Code     0  startup_stm32h723xx.o(.text)
    DFSDM1_FLT1_IRQHandler                   0x080002ff   Thumb Code     0  startup_stm32h723xx.o(.text)
    DFSDM1_FLT2_IRQHandler                   0x080002ff   Thumb Code     0  startup_stm32h723xx.o(.text)
    DFSDM1_FLT3_IRQHandler                   0x080002ff   Thumb Code     0  startup_stm32h723xx.o(.text)
    DMA2D_IRQHandler                         0x080002ff   Thumb Code     0  startup_stm32h723xx.o(.text)
    DMA2_Stream2_IRQHandler                  0x080002ff   Thumb Code     0  startup_stm32h723xx.o(.text)
    DMA2_Stream3_IRQHandler                  0x080002ff   Thumb Code     0  startup_stm32h723xx.o(.text)
    DMAMUX1_OVR_IRQHandler                   0x080002ff   Thumb Code     0  startup_stm32h723xx.o(.text)
    DMAMUX2_OVR_IRQHandler                   0x080002ff   Thumb Code     0  startup_stm32h723xx.o(.text)
    DTS_IRQHandler                           0x080002ff   Thumb Code     0  startup_stm32h723xx.o(.text)
    ECC_IRQHandler                           0x080002ff   Thumb Code     0  startup_stm32h723xx.o(.text)
    ETH_IRQHandler                           0x080002ff   Thumb Code     0  startup_stm32h723xx.o(.text)
    ETH_WKUP_IRQHandler                      0x080002ff   Thumb Code     0  startup_stm32h723xx.o(.text)
    EXTI0_IRQHandler                         0x080002ff   Thumb Code     0  startup_stm32h723xx.o(.text)
    EXTI15_10_IRQHandler                     0x080002ff   Thumb Code     0  startup_stm32h723xx.o(.text)
    EXTI1_IRQHandler                         0x080002ff   Thumb Code     0  startup_stm32h723xx.o(.text)
    EXTI2_IRQHandler                         0x080002ff   Thumb Code     0  startup_stm32h723xx.o(.text)
    EXTI3_IRQHandler                         0x080002ff   Thumb Code     0  startup_stm32h723xx.o(.text)
    EXTI4_IRQHandler                         0x080002ff   Thumb Code     0  startup_stm32h723xx.o(.text)
    EXTI9_5_IRQHandler                       0x080002ff   Thumb Code     0  startup_stm32h723xx.o(.text)
    FDCAN_CAL_IRQHandler                     0x080002ff   Thumb Code     0  startup_stm32h723xx.o(.text)
    FLASH_IRQHandler                         0x080002ff   Thumb Code     0  startup_stm32h723xx.o(.text)
    FMAC_IRQHandler                          0x080002ff   Thumb Code     0  startup_stm32h723xx.o(.text)
    FMC_IRQHandler                           0x080002ff   Thumb Code     0  startup_stm32h723xx.o(.text)
    FPU_IRQHandler                           0x080002ff   Thumb Code     0  startup_stm32h723xx.o(.text)
    HSEM1_IRQHandler                         0x080002ff   Thumb Code     0  startup_stm32h723xx.o(.text)
    I2C1_ER_IRQHandler                       0x080002ff   Thumb Code     0  startup_stm32h723xx.o(.text)
    I2C1_EV_IRQHandler                       0x080002ff   Thumb Code     0  startup_stm32h723xx.o(.text)
    I2C2_ER_IRQHandler                       0x080002ff   Thumb Code     0  startup_stm32h723xx.o(.text)
    I2C2_EV_IRQHandler                       0x080002ff   Thumb Code     0  startup_stm32h723xx.o(.text)
    I2C3_ER_IRQHandler                       0x080002ff   Thumb Code     0  startup_stm32h723xx.o(.text)
    I2C3_EV_IRQHandler                       0x080002ff   Thumb Code     0  startup_stm32h723xx.o(.text)
    I2C4_ER_IRQHandler                       0x080002ff   Thumb Code     0  startup_stm32h723xx.o(.text)
    I2C4_EV_IRQHandler                       0x080002ff   Thumb Code     0  startup_stm32h723xx.o(.text)
    I2C5_ER_IRQHandler                       0x080002ff   Thumb Code     0  startup_stm32h723xx.o(.text)
    I2C5_EV_IRQHandler                       0x080002ff   Thumb Code     0  startup_stm32h723xx.o(.text)
    LPTIM1_IRQHandler                        0x080002ff   Thumb Code     0  startup_stm32h723xx.o(.text)
    LPTIM2_IRQHandler                        0x080002ff   Thumb Code     0  startup_stm32h723xx.o(.text)
    LPTIM3_IRQHandler                        0x080002ff   Thumb Code     0  startup_stm32h723xx.o(.text)
    LPTIM4_IRQHandler                        0x080002ff   Thumb Code     0  startup_stm32h723xx.o(.text)
    LPTIM5_IRQHandler                        0x080002ff   Thumb Code     0  startup_stm32h723xx.o(.text)
    LPUART1_IRQHandler                       0x080002ff   Thumb Code     0  startup_stm32h723xx.o(.text)
    LTDC_ER_IRQHandler                       0x080002ff   Thumb Code     0  startup_stm32h723xx.o(.text)
    LTDC_IRQHandler                          0x080002ff   Thumb Code     0  startup_stm32h723xx.o(.text)
    MDIOS_IRQHandler                         0x080002ff   Thumb Code     0  startup_stm32h723xx.o(.text)
    MDIOS_WKUP_IRQHandler                    0x080002ff   Thumb Code     0  startup_stm32h723xx.o(.text)
    MDMA_IRQHandler                          0x080002ff   Thumb Code     0  startup_stm32h723xx.o(.text)
    OCTOSPI1_IRQHandler                      0x080002ff   Thumb Code     0  startup_stm32h723xx.o(.text)
    OCTOSPI2_IRQHandler                      0x080002ff   Thumb Code     0  startup_stm32h723xx.o(.text)
    OTG_HS_EP1_IN_IRQHandler                 0x080002ff   Thumb Code     0  startup_stm32h723xx.o(.text)
    OTG_HS_EP1_OUT_IRQHandler                0x080002ff   Thumb Code     0  startup_stm32h723xx.o(.text)
    OTG_HS_WKUP_IRQHandler                   0x080002ff   Thumb Code     0  startup_stm32h723xx.o(.text)
    PVD_AVD_IRQHandler                       0x080002ff   Thumb Code     0  startup_stm32h723xx.o(.text)
    RCC_IRQHandler                           0x080002ff   Thumb Code     0  startup_stm32h723xx.o(.text)
    RNG_IRQHandler                           0x080002ff   Thumb Code     0  startup_stm32h723xx.o(.text)
    RTC_Alarm_IRQHandler                     0x080002ff   Thumb Code     0  startup_stm32h723xx.o(.text)
    RTC_WKUP_IRQHandler                      0x080002ff   Thumb Code     0  startup_stm32h723xx.o(.text)
    SAI1_IRQHandler                          0x080002ff   Thumb Code     0  startup_stm32h723xx.o(.text)
    SAI4_IRQHandler                          0x080002ff   Thumb Code     0  startup_stm32h723xx.o(.text)
    SDMMC1_IRQHandler                        0x080002ff   Thumb Code     0  startup_stm32h723xx.o(.text)
    SDMMC2_IRQHandler                        0x080002ff   Thumb Code     0  startup_stm32h723xx.o(.text)
    SPDIF_RX_IRQHandler                      0x080002ff   Thumb Code     0  startup_stm32h723xx.o(.text)
    SPI1_IRQHandler                          0x080002ff   Thumb Code     0  startup_stm32h723xx.o(.text)
    SPI3_IRQHandler                          0x080002ff   Thumb Code     0  startup_stm32h723xx.o(.text)
    SPI4_IRQHandler                          0x080002ff   Thumb Code     0  startup_stm32h723xx.o(.text)
    SPI5_IRQHandler                          0x080002ff   Thumb Code     0  startup_stm32h723xx.o(.text)
    SPI6_IRQHandler                          0x080002ff   Thumb Code     0  startup_stm32h723xx.o(.text)
    SWPMI1_IRQHandler                        0x080002ff   Thumb Code     0  startup_stm32h723xx.o(.text)
    TAMP_STAMP_IRQHandler                    0x080002ff   Thumb Code     0  startup_stm32h723xx.o(.text)
    TIM15_IRQHandler                         0x080002ff   Thumb Code     0  startup_stm32h723xx.o(.text)
    TIM1_BRK_IRQHandler                      0x080002ff   Thumb Code     0  startup_stm32h723xx.o(.text)
    TIM1_CC_IRQHandler                       0x080002ff   Thumb Code     0  startup_stm32h723xx.o(.text)
    TIM1_TRG_COM_IRQHandler                  0x080002ff   Thumb Code     0  startup_stm32h723xx.o(.text)
    TIM1_UP_IRQHandler                       0x080002ff   Thumb Code     0  startup_stm32h723xx.o(.text)
    TIM24_IRQHandler                         0x080002ff   Thumb Code     0  startup_stm32h723xx.o(.text)
    TIM2_IRQHandler                          0x080002ff   Thumb Code     0  startup_stm32h723xx.o(.text)
    TIM3_IRQHandler                          0x080002ff   Thumb Code     0  startup_stm32h723xx.o(.text)
    TIM4_IRQHandler                          0x080002ff   Thumb Code     0  startup_stm32h723xx.o(.text)
    TIM5_IRQHandler                          0x080002ff   Thumb Code     0  startup_stm32h723xx.o(.text)
    TIM8_BRK_TIM12_IRQHandler                0x080002ff   Thumb Code     0  startup_stm32h723xx.o(.text)
    TIM8_CC_IRQHandler                       0x080002ff   Thumb Code     0  startup_stm32h723xx.o(.text)
    UART4_IRQHandler                         0x080002ff   Thumb Code     0  startup_stm32h723xx.o(.text)
    UART8_IRQHandler                         0x080002ff   Thumb Code     0  startup_stm32h723xx.o(.text)
    UART9_IRQHandler                         0x080002ff   Thumb Code     0  startup_stm32h723xx.o(.text)
    USART6_IRQHandler                        0x080002ff   Thumb Code     0  startup_stm32h723xx.o(.text)
    WAKEUP_PIN_IRQHandler                    0x080002ff   Thumb Code     0  startup_stm32h723xx.o(.text)
    WWDG_IRQHandler                          0x080002ff   Thumb Code     0  startup_stm32h723xx.o(.text)
    __aeabi_uldivmod                         0x08000309   Thumb Code    98  uldiv.o(.text)
    __aeabi_memcpy                           0x0800036b   Thumb Code    36  memcpya.o(.text)
    __aeabi_memcpy4                          0x0800036b   Thumb Code     0  memcpya.o(.text)
    __aeabi_memcpy8                          0x0800036b   Thumb Code     0  memcpya.o(.text)
    __aeabi_memset                           0x0800038f   Thumb Code    14  memseta.o(.text)
    __aeabi_memset4                          0x0800038f   Thumb Code     0  memseta.o(.text)
    __aeabi_memset8                          0x0800038f   Thumb Code     0  memseta.o(.text)
    __aeabi_memclr                           0x0800039d   Thumb Code     4  memseta.o(.text)
    __aeabi_memclr4                          0x0800039d   Thumb Code     0  memseta.o(.text)
    __aeabi_memclr8                          0x0800039d   Thumb Code     0  memseta.o(.text)
    _memset$wrapper                          0x080003a1   Thumb Code    18  memseta.o(.text)
    __aeabi_l2f                              0x080003b3   Thumb Code    44  ffltl.o(.text)
    __aeabi_f2lz                             0x080003df   Thumb Code    66  ffixl.o(.text)
    __aeabi_llsl                             0x08000421   Thumb Code    30  llshl.o(.text)
    _ll_shift_l                              0x08000421   Thumb Code     0  llshl.o(.text)
    __aeabi_llsr                             0x0800043f   Thumb Code    32  llushr.o(.text)
    _ll_ushift_r                             0x0800043f   Thumb Code     0  llushr.o(.text)
    __I$use$fp                               0x0800045f   Thumb Code     0  iusefp.o(.text)
    _float_round                             0x0800045f   Thumb Code    18  fepilogue.o(.text)
    _float_epilogue                          0x08000471   Thumb Code    92  fepilogue.o(.text)
    __scatterload                            0x080004cd   Thumb Code    28  init.o(.text)
    __scatterload_rt2                        0x080004cd   Thumb Code     0  init.o(.text)
    BusFault_Handler                         0x080004f1   Thumb Code     2  stm32h7xx_it.o(i.BusFault_Handler)
    CAN1_send_current                        0x080004f5   Thumb Code   170  can_receive_send.o(i.CAN1_send_current)
    DMA1_Stream0_IRQHandler                  0x080005a9   Thumb Code     2  stm32h7xx_it.o(i.DMA1_Stream0_IRQHandler)
    DMA1_Stream1_IRQHandler                  0x080005ab   Thumb Code     2  stm32h7xx_it.o(i.DMA1_Stream1_IRQHandler)
    DMA1_Stream2_IRQHandler                  0x080005ad   Thumb Code     2  stm32h7xx_it.o(i.DMA1_Stream2_IRQHandler)
    DMA1_Stream3_IRQHandler                  0x080005af   Thumb Code     2  stm32h7xx_it.o(i.DMA1_Stream3_IRQHandler)
    DMA1_Stream4_IRQHandler                  0x080005b1   Thumb Code     2  stm32h7xx_it.o(i.DMA1_Stream4_IRQHandler)
    DMA1_Stream5_IRQHandler                  0x080005b3   Thumb Code     2  stm32h7xx_it.o(i.DMA1_Stream5_IRQHandler)
    DMA1_Stream6_IRQHandler                  0x080005b5   Thumb Code     2  stm32h7xx_it.o(i.DMA1_Stream6_IRQHandler)
    DMA1_Stream7_IRQHandler                  0x080005b7   Thumb Code     2  stm32h7xx_it.o(i.DMA1_Stream7_IRQHandler)
    DMA2_Stream0_IRQHandler                  0x080005b9   Thumb Code     2  stm32h7xx_it.o(i.DMA2_Stream0_IRQHandler)
    DMA2_Stream1_IRQHandler                  0x080005bb   Thumb Code     2  stm32h7xx_it.o(i.DMA2_Stream1_IRQHandler)
    DMA2_Stream4_IRQHandler                  0x080005bd   Thumb Code     6  stm32h7xx_it.o(i.DMA2_Stream4_IRQHandler)
    DMA2_Stream5_IRQHandler                  0x080005c9   Thumb Code     6  stm32h7xx_it.o(i.DMA2_Stream5_IRQHandler)
    DMA2_Stream6_IRQHandler                  0x080005d5   Thumb Code     6  stm32h7xx_it.o(i.DMA2_Stream6_IRQHandler)
    DMA2_Stream7_IRQHandler                  0x080005e1   Thumb Code     6  stm32h7xx_it.o(i.DMA2_Stream7_IRQHandler)
    DebugMon_Handler                         0x08000805   Thumb Code     2  stm32h7xx_it.o(i.DebugMon_Handler)
    Error_Handler                            0x08000807   Thumb Code     4  main.o(i.Error_Handler)
    FDCAN1_IT0_IRQHandler                    0x0800080d   Thumb Code     6  stm32h7xx_it.o(i.FDCAN1_IT0_IRQHandler)
    FDCAN1_IT1_IRQHandler                    0x08000819   Thumb Code     6  stm32h7xx_it.o(i.FDCAN1_IT1_IRQHandler)
    FDCAN2_IT0_IRQHandler                    0x08000825   Thumb Code     6  stm32h7xx_it.o(i.FDCAN2_IT0_IRQHandler)
    FDCAN2_IT1_IRQHandler                    0x08000831   Thumb Code     6  stm32h7xx_it.o(i.FDCAN2_IT1_IRQHandler)
    FDCAN3_IT0_IRQHandler                    0x0800083d   Thumb Code     6  stm32h7xx_it.o(i.FDCAN3_IT0_IRQHandler)
    FDCAN3_IT1_IRQHandler                    0x08000849   Thumb Code     6  stm32h7xx_it.o(i.FDCAN3_IT1_IRQHandler)
    HAL_DMA_Abort                            0x08000a99   Thumb Code   836  stm32h7xx_hal_dma.o(i.HAL_DMA_Abort)
    HAL_DMA_Abort_IT                         0x08000df9   Thumb Code   602  stm32h7xx_hal_dma.o(i.HAL_DMA_Abort_IT)
    HAL_DMA_IRQHandler                       0x0800107d   Thumb Code  1756  stm32h7xx_hal_dma.o(i.HAL_DMA_IRQHandler)
    HAL_DMA_Init                             0x08001765   Thumb Code   922  stm32h7xx_hal_dma.o(i.HAL_DMA_Init)
    HAL_Delay                                0x08001b21   Thumb Code    32  stm32h7xx_hal.o(i.HAL_Delay)
    HAL_FDCAN_ActivateNotification           0x08001b45   Thumb Code   126  stm32h7xx_hal_fdcan.o(i.HAL_FDCAN_ActivateNotification)
    HAL_FDCAN_AddMessageToTxFifoQ            0x08001bcd   Thumb Code   102  stm32h7xx_hal_fdcan.o(i.HAL_FDCAN_AddMessageToTxFifoQ)
    HAL_FDCAN_ClockCalibrationCallback       0x08001c33   Thumb Code     2  stm32h7xx_hal_fdcan.o(i.HAL_FDCAN_ClockCalibrationCallback)
    HAL_FDCAN_ConfigFilter                   0x08001c35   Thumb Code   126  stm32h7xx_hal_fdcan.o(i.HAL_FDCAN_ConfigFilter)
    HAL_FDCAN_ConfigGlobalFilter             0x08001cb3   Thumb Code    50  stm32h7xx_hal_fdcan.o(i.HAL_FDCAN_ConfigGlobalFilter)
    HAL_FDCAN_ErrorCallback                  0x08001ce5   Thumb Code     2  stm32h7xx_hal_fdcan.o(i.HAL_FDCAN_ErrorCallback)
    HAL_FDCAN_ErrorStatusCallback            0x08001ce7   Thumb Code     2  stm32h7xx_hal_fdcan.o(i.HAL_FDCAN_ErrorStatusCallback)
    HAL_FDCAN_GetRxMessage                   0x08001ce9   Thumb Code   392  stm32h7xx_hal_fdcan.o(i.HAL_FDCAN_GetRxMessage)
    HAL_FDCAN_HighPriorityMessageCallback    0x08001e75   Thumb Code     2  stm32h7xx_hal_fdcan.o(i.HAL_FDCAN_HighPriorityMessageCallback)
    HAL_FDCAN_IRQHandler                     0x08001e79   Thumb Code   788  stm32h7xx_hal_fdcan.o(i.HAL_FDCAN_IRQHandler)
    HAL_FDCAN_Init                           0x08002199   Thumb Code   572  stm32h7xx_hal_fdcan.o(i.HAL_FDCAN_Init)
    HAL_FDCAN_MspInit                        0x080023dd   Thumb Code   432  fdcan.o(i.HAL_FDCAN_MspInit)
    HAL_FDCAN_RxBufferNewMessageCallback     0x080025a9   Thumb Code     2  stm32h7xx_hal_fdcan.o(i.HAL_FDCAN_RxBufferNewMessageCallback)
    HAL_FDCAN_RxFifo0Callback                0x080025ad   Thumb Code   180  can_receive_send.o(i.HAL_FDCAN_RxFifo0Callback)
    HAL_FDCAN_RxFifo1Callback                0x08002671   Thumb Code     2  stm32h7xx_hal_fdcan.o(i.HAL_FDCAN_RxFifo1Callback)
    HAL_FDCAN_Start                          0x08002673   Thumb Code    50  stm32h7xx_hal_fdcan.o(i.HAL_FDCAN_Start)
    HAL_FDCAN_TT_GlobalTimeCallback          0x080026a5   Thumb Code     2  stm32h7xx_hal_fdcan.o(i.HAL_FDCAN_TT_GlobalTimeCallback)
    HAL_FDCAN_TT_ScheduleSyncCallback        0x080026a7   Thumb Code     2  stm32h7xx_hal_fdcan.o(i.HAL_FDCAN_TT_ScheduleSyncCallback)
    HAL_FDCAN_TT_StopWatchCallback           0x080026a9   Thumb Code     2  stm32h7xx_hal_fdcan.o(i.HAL_FDCAN_TT_StopWatchCallback)
    HAL_FDCAN_TT_TimeMarkCallback            0x080026ab   Thumb Code     2  stm32h7xx_hal_fdcan.o(i.HAL_FDCAN_TT_TimeMarkCallback)
    HAL_FDCAN_TimeoutOccurredCallback        0x080026ad   Thumb Code     2  stm32h7xx_hal_fdcan.o(i.HAL_FDCAN_TimeoutOccurredCallback)
    HAL_FDCAN_TimestampWraparoundCallback    0x080026af   Thumb Code     2  stm32h7xx_hal_fdcan.o(i.HAL_FDCAN_TimestampWraparoundCallback)
    HAL_FDCAN_TxBufferAbortCallback          0x080026b1   Thumb Code     2  stm32h7xx_hal_fdcan.o(i.HAL_FDCAN_TxBufferAbortCallback)
    HAL_FDCAN_TxBufferCompleteCallback       0x080026b3   Thumb Code     2  stm32h7xx_hal_fdcan.o(i.HAL_FDCAN_TxBufferCompleteCallback)
    HAL_FDCAN_TxEventFifoCallback            0x080026b5   Thumb Code     2  stm32h7xx_hal_fdcan.o(i.HAL_FDCAN_TxEventFifoCallback)
    HAL_FDCAN_TxFifoEmptyCallback            0x080026b7   Thumb Code     2  stm32h7xx_hal_fdcan.o(i.HAL_FDCAN_TxFifoEmptyCallback)
    HAL_GPIO_Init                            0x080026b9   Thumb Code   496  stm32h7xx_hal_gpio.o(i.HAL_GPIO_Init)
    HAL_GPIO_WritePin                        0x080028d5   Thumb Code    10  stm32h7xx_hal_gpio.o(i.HAL_GPIO_WritePin)
    HAL_GetTick                              0x080028e1   Thumb Code     6  stm32h7xx_hal.o(i.HAL_GetTick)
    HAL_IWDG_Init                            0x080028ed   Thumb Code   102  stm32h7xx_hal_iwdg.o(i.HAL_IWDG_Init)
    HAL_IncTick                              0x08002955   Thumb Code    12  stm32h7xx_hal.o(i.HAL_IncTick)
    HAL_Init                                 0x08002965   Thumb Code    74  stm32h7xx_hal.o(i.HAL_Init)
    HAL_InitTick                             0x080029c1   Thumb Code   110  stm32h7xx_hal_timebase_tim.o(i.HAL_InitTick)
    HAL_MspInit                              0x08002a45   Thumb Code    32  stm32h7xx_hal_msp.o(i.HAL_MspInit)
    HAL_NVIC_EnableIRQ                       0x08002a69   Thumb Code    26  stm32h7xx_hal_cortex.o(i.HAL_NVIC_EnableIRQ)
    HAL_NVIC_SetPriority                     0x08002a85   Thumb Code    60  stm32h7xx_hal_cortex.o(i.HAL_NVIC_SetPriority)
    HAL_NVIC_SetPriorityGrouping             0x08002ac5   Thumb Code    28  stm32h7xx_hal_cortex.o(i.HAL_NVIC_SetPriorityGrouping)
    HAL_PWREx_ConfigSupply                   0x08002ae9   Thumb Code    78  stm32h7xx_hal_pwr_ex.o(i.HAL_PWREx_ConfigSupply)
    HAL_RCCEx_GetD3PCLK1Freq                 0x08002b3d   Thumb Code    26  stm32h7xx_hal_rcc_ex.o(i.HAL_RCCEx_GetD3PCLK1Freq)
    HAL_RCCEx_GetPLL2ClockFreq               0x08002b61   Thumb Code   296  stm32h7xx_hal_rcc_ex.o(i.HAL_RCCEx_GetPLL2ClockFreq)
    HAL_RCCEx_GetPLL3ClockFreq               0x08002ca5   Thumb Code   296  stm32h7xx_hal_rcc_ex.o(i.HAL_RCCEx_GetPLL3ClockFreq)
    HAL_RCCEx_PeriphCLKConfig                0x08002de9   Thumb Code  2362  stm32h7xx_hal_rcc_ex.o(i.HAL_RCCEx_PeriphCLKConfig)
    HAL_RCC_ClockConfig                      0x08003725   Thumb Code   580  stm32h7xx_hal_rcc.o(i.HAL_RCC_ClockConfig)
    HAL_RCC_GetClockConfig                   0x08003981   Thumb Code    84  stm32h7xx_hal_rcc.o(i.HAL_RCC_GetClockConfig)
    HAL_RCC_GetHCLKFreq                      0x080039dd   Thumb Code    52  stm32h7xx_hal_rcc.o(i.HAL_RCC_GetHCLKFreq)
    HAL_RCC_GetPCLK1Freq                     0x08003a21   Thumb Code    26  stm32h7xx_hal_rcc.o(i.HAL_RCC_GetPCLK1Freq)
    HAL_RCC_GetPCLK2Freq                     0x08003a45   Thumb Code    26  stm32h7xx_hal_rcc.o(i.HAL_RCC_GetPCLK2Freq)
    HAL_RCC_GetSysClockFreq                  0x08003a69   Thumb Code   278  stm32h7xx_hal_rcc.o(i.HAL_RCC_GetSysClockFreq)
    HAL_RCC_MCOConfig                        0x08003ba1   Thumb Code   130  stm32h7xx_hal_rcc.o(i.HAL_RCC_MCOConfig)
    HAL_RCC_OscConfig                        0x08003c35   Thumb Code  1318  stm32h7xx_hal_rcc.o(i.HAL_RCC_OscConfig)
    HAL_RS485Ex_Init                         0x0800415d   Thumb Code   136  stm32h7xx_hal_uart_ex.o(i.HAL_RS485Ex_Init)
    HAL_TIMEx_Break2Callback                 0x080041e9   Thumb Code     2  stm32h7xx_hal_tim_ex.o(i.HAL_TIMEx_Break2Callback)
    HAL_TIMEx_BreakCallback                  0x080041eb   Thumb Code     2  stm32h7xx_hal_tim_ex.o(i.HAL_TIMEx_BreakCallback)
    HAL_TIMEx_CommutCallback                 0x080041ed   Thumb Code     2  stm32h7xx_hal_tim_ex.o(i.HAL_TIMEx_CommutCallback)
    HAL_TIMEx_ConfigBreakDeadTime            0x080041f1   Thumb Code   150  stm32h7xx_hal_tim_ex.o(i.HAL_TIMEx_ConfigBreakDeadTime)
    HAL_TIMEx_MasterConfigSynchronization    0x08004291   Thumb Code   146  stm32h7xx_hal_tim_ex.o(i.HAL_TIMEx_MasterConfigSynchronization)
    HAL_TIM_Base_Init                        0x08004349   Thumb Code    98  stm32h7xx_hal_tim.o(i.HAL_TIM_Base_Init)
    HAL_TIM_Base_MspInit                     0x080043ad   Thumb Code   234  tim.o(i.HAL_TIM_Base_MspInit)
    HAL_TIM_Base_Start_IT                    0x080044b5   Thumb Code   118  stm32h7xx_hal_tim.o(i.HAL_TIM_Base_Start_IT)
    HAL_TIM_IC_CaptureCallback               0x08004555   Thumb Code     2  stm32h7xx_hal_tim.o(i.HAL_TIM_IC_CaptureCallback)
    HAL_TIM_IRQHandler                       0x08004557   Thumb Code   328  stm32h7xx_hal_tim.o(i.HAL_TIM_IRQHandler)
    HAL_TIM_MspPostInit                      0x080046a1   Thumb Code   188  tim.o(i.HAL_TIM_MspPostInit)
    HAL_TIM_OC_DelayElapsedCallback          0x08004779   Thumb Code     2  stm32h7xx_hal_tim.o(i.HAL_TIM_OC_DelayElapsedCallback)
    HAL_TIM_PWM_ConfigChannel                0x0800477b   Thumb Code   292  stm32h7xx_hal_tim.o(i.HAL_TIM_PWM_ConfigChannel)
    HAL_TIM_PWM_Init                         0x0800489f   Thumb Code    98  stm32h7xx_hal_tim.o(i.HAL_TIM_PWM_Init)
    HAL_TIM_PWM_MspInit                      0x08004901   Thumb Code    84  tim.o(i.HAL_TIM_PWM_MspInit)
    HAL_TIM_PWM_PulseFinishedCallback        0x08004969   Thumb Code     2  stm32h7xx_hal_tim.o(i.HAL_TIM_PWM_PulseFinishedCallback)
    HAL_TIM_PeriodElapsedCallback            0x0800496d   Thumb Code   104  main.o(i.HAL_TIM_PeriodElapsedCallback)
    HAL_TIM_TriggerCallback                  0x080049f5   Thumb Code     2  stm32h7xx_hal_tim.o(i.HAL_TIM_TriggerCallback)
    HAL_UARTEx_DisableFifoMode               0x080049f7   Thumb Code    64  stm32h7xx_hal_uart_ex.o(i.HAL_UARTEx_DisableFifoMode)
    HAL_UARTEx_RxEventCallback               0x08004a37   Thumb Code     2  stm32h7xx_hal_uart.o(i.HAL_UARTEx_RxEventCallback)
    HAL_UARTEx_RxFifoFullCallback            0x08004a39   Thumb Code     2  stm32h7xx_hal_uart_ex.o(i.HAL_UARTEx_RxFifoFullCallback)
    HAL_UARTEx_SetRxFifoThreshold            0x08004a3b   Thumb Code    76  stm32h7xx_hal_uart_ex.o(i.HAL_UARTEx_SetRxFifoThreshold)
    HAL_UARTEx_SetTxFifoThreshold            0x08004a87   Thumb Code    76  stm32h7xx_hal_uart_ex.o(i.HAL_UARTEx_SetTxFifoThreshold)
    HAL_UARTEx_TxFifoEmptyCallback           0x08004ad3   Thumb Code     2  stm32h7xx_hal_uart_ex.o(i.HAL_UARTEx_TxFifoEmptyCallback)
    HAL_UARTEx_WakeupCallback                0x08004ad5   Thumb Code     2  stm32h7xx_hal_uart_ex.o(i.HAL_UARTEx_WakeupCallback)
    HAL_UART_ErrorCallback                   0x08004ad7   Thumb Code     2  stm32h7xx_hal_uart.o(i.HAL_UART_ErrorCallback)
    HAL_UART_IRQHandler                      0x08004ad9   Thumb Code   878  stm32h7xx_hal_uart.o(i.HAL_UART_IRQHandler)
    HAL_UART_Init                            0x08004e61   Thumb Code   106  stm32h7xx_hal_uart.o(i.HAL_UART_Init)
    HAL_UART_MspInit                         0x08004ecd   Thumb Code  1546  usart.o(i.HAL_UART_MspInit)
    HAL_UART_TxCpltCallback                  0x080054fd   Thumb Code     2  stm32h7xx_hal_uart.o(i.HAL_UART_TxCpltCallback)
    HardFault_Handler                        0x080054ff   Thumb Code     2  stm32h7xx_it.o(i.HardFault_Handler)
    MX_FDCAN1_Init                           0x08005501   Thumb Code    92  fdcan.o(i.MX_FDCAN1_Init)
    MX_FDCAN2_Init                           0x08005565   Thumb Code    96  fdcan.o(i.MX_FDCAN2_Init)
    MX_FDCAN3_Init                           0x080055cd   Thumb Code    96  fdcan.o(i.MX_FDCAN3_Init)
    MX_GPIO_Init                             0x08005635   Thumb Code   230  gpio.o(i.MX_GPIO_Init)
    MX_IWDG1_Init                            0x0800572d   Thumb Code    38  iwdg.o(i.MX_IWDG1_Init)
    MX_TIM12_Init                            0x0800575d   Thumb Code   104  tim.o(i.MX_TIM12_Init)
    MX_TIM13_Init                            0x080057cd   Thumb Code    44  tim.o(i.MX_TIM13_Init)
    MX_TIM14_Init                            0x08005801   Thumb Code    44  tim.o(i.MX_TIM14_Init)
    MX_TIM16_Init                            0x08005835   Thumb Code    46  tim.o(i.MX_TIM16_Init)
    MX_TIM17_Init                            0x0800586d   Thumb Code    44  tim.o(i.MX_TIM17_Init)
    MX_TIM1_Init                             0x080058a1   Thumb Code   184  tim.o(i.MX_TIM1_Init)
    MX_TIM2_Init                             0x08005961   Thumb Code   126  tim.o(i.MX_TIM2_Init)
    MX_TIM3_Init                             0x080059e5   Thumb Code   106  tim.o(i.MX_TIM3_Init)
    MX_TIM6_Init                             0x08005a59   Thumb Code    62  tim.o(i.MX_TIM6_Init)
    MX_TIM7_Init                             0x08005aa1   Thumb Code    62  tim.o(i.MX_TIM7_Init)
    MX_UART7_Init                            0x08005ae9   Thumb Code    94  usart.o(i.MX_UART7_Init)
    MX_USART10_UART_Init                     0x08005b51   Thumb Code    94  usart.o(i.MX_USART10_UART_Init)
    MX_USART1_UART_Init                      0x08005bb9   Thumb Code    94  usart.o(i.MX_USART1_UART_Init)
    MX_USART2_UART_Init                      0x08005c21   Thumb Code    98  usart.o(i.MX_USART2_UART_Init)
    MX_USART3_UART_Init                      0x08005c8d   Thumb Code    98  usart.o(i.MX_USART3_UART_Init)
    MemManage_Handler                        0x08005cf9   Thumb Code     2  stm32h7xx_it.o(i.MemManage_Handler)
    NMI_Handler                              0x08005cfb   Thumb Code     2  stm32h7xx_it.o(i.NMI_Handler)
    OTG_HS_IRQHandler                        0x08005cfd   Thumb Code     2  stm32h7xx_it.o(i.OTG_HS_IRQHandler)
    SPI2_IRQHandler                          0x08005f41   Thumb Code     2  stm32h7xx_it.o(i.SPI2_IRQHandler)
    SystemClock_Config                       0x08005f45   Thumb Code   164  main.o(i.SystemClock_Config)
    SystemInit                               0x08005fed   Thumb Code   158  system_stm32h7xx.o(i.SystemInit)
    TIM16_IRQHandler                         0x080060ad   Thumb Code     6  stm32h7xx_it.o(i.TIM16_IRQHandler)
    TIM17_IRQHandler                         0x080060b9   Thumb Code     6  stm32h7xx_it.o(i.TIM17_IRQHandler)
    TIM23_IRQHandler                         0x080060c5   Thumb Code     6  stm32h7xx_it.o(i.TIM23_IRQHandler)
    TIM6_DAC_IRQHandler                      0x080060d1   Thumb Code     6  stm32h7xx_it.o(i.TIM6_DAC_IRQHandler)
    TIM7_IRQHandler                          0x080060dd   Thumb Code     6  stm32h7xx_it.o(i.TIM7_IRQHandler)
    TIM8_TRG_COM_TIM14_IRQHandler            0x080060e9   Thumb Code     6  stm32h7xx_it.o(i.TIM8_TRG_COM_TIM14_IRQHandler)
    TIM8_UP_TIM13_IRQHandler                 0x080060f5   Thumb Code     6  stm32h7xx_it.o(i.TIM8_UP_TIM13_IRQHandler)
    TIM_Base_SetConfig                       0x08006101   Thumb Code   188  stm32h7xx_hal_tim.o(i.TIM_Base_SetConfig)
    TIM_OC2_SetConfig                        0x08006289   Thumb Code   126  stm32h7xx_hal_tim.o(i.TIM_OC2_SetConfig)
    UART5_IRQHandler                         0x08006519   Thumb Code     2  stm32h7xx_it.o(i.UART5_IRQHandler)
    UART7_IRQHandler                         0x0800651b   Thumb Code     2  stm32h7xx_it.o(i.UART7_IRQHandler)
    UART_AdvFeatureConfig                    0x08006561   Thumb Code   200  stm32h7xx_hal_uart.o(i.UART_AdvFeatureConfig)
    UART_CheckIdleState                      0x08006629   Thumb Code   170  stm32h7xx_hal_uart.o(i.UART_CheckIdleState)
    UART_SetConfig                           0x0800673d   Thumb Code   914  stm32h7xx_hal_uart.o(i.UART_SetConfig)
    UART_WaitOnFlagUntilTimeout              0x08006b19   Thumb Code   148  stm32h7xx_hal_uart.o(i.UART_WaitOnFlagUntilTimeout)
    USART10_IRQHandler                       0x08006bad   Thumb Code     2  stm32h7xx_it.o(i.USART10_IRQHandler)
    USART1_IRQHandler                        0x08006baf   Thumb Code     2  stm32h7xx_it.o(i.USART1_IRQHandler)
    USART2_IRQHandler                        0x08006bb1   Thumb Code     6  stm32h7xx_it.o(i.USART2_IRQHandler)
    USART3_IRQHandler                        0x08006bbd   Thumb Code     6  stm32h7xx_it.o(i.USART3_IRQHandler)
    UsageFault_Handler                       0x08006bc9   Thumb Code     2  stm32h7xx_it.o(i.UsageFault_Handler)
    __scatterload_copy                       0x08006bed   Thumb Code    14  handlers.o(i.__scatterload_copy)
    __scatterload_null                       0x08006bfb   Thumb Code     2  handlers.o(i.__scatterload_null)
    __scatterload_zeroinit                   0x08006bfd   Thumb Code    14  handlers.o(i.__scatterload_zeroinit)
    can_filter_init                          0x08006c0d   Thumb Code   142  can_receive_send.o(i.can_filter_init)
    decode_as_3508                           0x08006ca9   Thumb Code    98  can_receive_send.o(i.decode_as_3508)
    fdcanx_receive                           0x08006d1d   Thumb Code    28  can_receive_send.o(i.fdcanx_receive)
    get_motor_measure                        0x08006d39   Thumb Code    28  can_receive_send.o(i.get_motor_measure)
    main                                     0x08006d55   Thumb Code   116  main.o(i.main)
    process_motor_data                       0x08006dc9   Thumb Code   152  can_receive_send.o(i.process_motor_data)
    UARTPrescTable                           0x08006ec8   Data          24  stm32h7xx_hal_uart.o(.constdata)
    D1CorePrescTable                         0x08006ef0   Data          16  system_stm32h7xx.o(.constdata)
    Region$$Table$$Base                      0x08006f00   Number         0  anon$$obj.o(Region$$Table)
    Region$$Table$$Limit                     0x08006f20   Number         0  anon$$obj.o(Region$$Table)
    uwTickFreq                               0x24000000   Data           1  stm32h7xx_hal.o(.data)
    uwTickPrio                               0x24000004   Data           4  stm32h7xx_hal.o(.data)
    uwTick                                   0x24000008   Data           4  stm32h7xx_hal.o(.data)
    SystemCoreClock                          0x2400000c   Data           4  system_stm32h7xx.o(.data)
    SystemD2Clock                            0x24000010   Data           4  system_stm32h7xx.o(.data)
    TIMER_0X01                               0x24000014   Data           4  main.o(.data)
    TIMER_0X02                               0x24000018   Data           4  main.o(.data)
    TIMER_0X03                               0x2400001c   Data           4  main.o(.data)
    TIMER_0X04                               0x24000020   Data           4  main.o(.data)
    TIMER_0X05                               0x24000024   Data           4  main.o(.data)
    TIMER_0X06                               0x24000028   Data           4  main.o(.data)
    hfdcan1                                  0x24000030   Data         160  fdcan.o(.bss)
    hfdcan2                                  0x240000d0   Data         160  fdcan.o(.bss)
    hfdcan3                                  0x24000170   Data         160  fdcan.o(.bss)
    huart5                                   0x24000210   Data         148  usart.o(.bss)
    huart7                                   0x240002a4   Data         148  usart.o(.bss)
    huart1                                   0x24000338   Data         148  usart.o(.bss)
    huart2                                   0x240003cc   Data         148  usart.o(.bss)
    huart3                                   0x24000460   Data         148  usart.o(.bss)
    huart10                                  0x240004f4   Data         148  usart.o(.bss)
    hdma_uart5_rx                            0x24000588   Data         120  usart.o(.bss)
    hdma_uart5_tx                            0x24000600   Data         120  usart.o(.bss)
    hdma_uart7_rx                            0x24000678   Data         120  usart.o(.bss)
    hdma_uart7_tx                            0x240006f0   Data         120  usart.o(.bss)
    hdma_usart1_rx                           0x24000768   Data         120  usart.o(.bss)
    hdma_usart1_tx                           0x240007e0   Data         120  usart.o(.bss)
    hdma_usart2_rx                           0x24000858   Data         120  usart.o(.bss)
    hdma_usart2_tx                           0x240008d0   Data         120  usart.o(.bss)
    hdma_usart3_rx                           0x24000948   Data         120  usart.o(.bss)
    hdma_usart3_tx                           0x240009c0   Data         120  usart.o(.bss)
    hdma_usart10_rx                          0x24000a38   Data         120  usart.o(.bss)
    hdma_usart10_tx                          0x24000ab0   Data         120  usart.o(.bss)
    htim23                                   0x24000b28   Data          76  stm32h7xx_hal_timebase_tim.o(.bss)
    htim1                                    0x24000b74   Data          76  tim.o(.bss)
    htim2                                    0x24000bc0   Data          76  tim.o(.bss)
    htim3                                    0x24000c0c   Data          76  tim.o(.bss)
    htim6                                    0x24000c58   Data          76  tim.o(.bss)
    htim7                                    0x24000ca4   Data          76  tim.o(.bss)
    htim12                                   0x24000cf0   Data          76  tim.o(.bss)
    htim13                                   0x24000d3c   Data          76  tim.o(.bss)
    htim14                                   0x24000d88   Data          76  tim.o(.bss)
    htim16                                   0x24000dd4   Data          76  tim.o(.bss)
    htim17                                   0x24000e20   Data          76  tim.o(.bss)
    hiwdg1                                   0x24000e6c   Data          16  iwdg.o(.bss)
    motor_data                               0x24000ef0   Data        1848  can_receive_send.o(.bss)
    __initial_sp                             0x24011628   Data           0  startup_stm32h723xx.o(STACK)



==============================================================================

Memory Map of the image

  Image Entry point : 0x080002cd

  Load Region LR_IROM1 (Base: 0x08000000, Size: 0x00006f50, Max: 0x00100000, ABSOLUTE)

    Execution Region ER_IROM1 (Exec base: 0x08000000, Load base: 0x08000000, Size: 0x00006f20, Max: 0x00100000, ABSOLUTE)

    Exec Addr    Load Addr    Size         Type   Attr      Idx    E Section Name        Object

    0x08000000   0x08000000   0x000002cc   Data   RO            3    RESET               startup_stm32h723xx.o
    0x080002cc   0x080002cc   0x00000000   Code   RO         7899  * .ARM.Collect$$$$00000000  mc_w.l(entry.o)
    0x080002cc   0x080002cc   0x00000004   Code   RO         7914    .ARM.Collect$$$$00000001  mc_w.l(entry2.o)
    0x080002d0   0x080002d0   0x00000004   Code   RO         7917    .ARM.Collect$$$$00000004  mc_w.l(entry5.o)
    0x080002d4   0x080002d4   0x00000000   Code   RO         7919    .ARM.Collect$$$$00000008  mc_w.l(entry7b.o)
    0x080002d4   0x080002d4   0x00000000   Code   RO         7921    .ARM.Collect$$$$0000000A  mc_w.l(entry8b.o)
    0x080002d4   0x080002d4   0x00000008   Code   RO         7922    .ARM.Collect$$$$0000000B  mc_w.l(entry9a.o)
    0x080002dc   0x080002dc   0x00000004   Code   RO         7929    .ARM.Collect$$$$0000000E  mc_w.l(entry12b.o)
    0x080002e0   0x080002e0   0x00000000   Code   RO         7924    .ARM.Collect$$$$0000000F  mc_w.l(entry10a.o)
    0x080002e0   0x080002e0   0x00000000   Code   RO         7926    .ARM.Collect$$$$00000011  mc_w.l(entry11a.o)
    0x080002e0   0x080002e0   0x00000004   Code   RO         7915    .ARM.Collect$$$$00002712  mc_w.l(entry2.o)
    0x080002e4   0x080002e4   0x00000024   Code   RO            4    .text               startup_stm32h723xx.o
    0x08000308   0x08000308   0x00000062   Code   RO         7902    .text               mc_w.l(uldiv.o)
    0x0800036a   0x0800036a   0x00000024   Code   RO         7904    .text               mc_w.l(memcpya.o)
    0x0800038e   0x0800038e   0x00000024   Code   RO         7906    .text               mc_w.l(memseta.o)
    0x080003b2   0x080003b2   0x0000002c   Code   RO         7910    .text               mf_w.l(ffltl.o)
    0x080003de   0x080003de   0x00000042   Code   RO         7912    .text               mf_w.l(ffixl.o)
    0x08000420   0x08000420   0x0000001e   Code   RO         7930    .text               mc_w.l(llshl.o)
    0x0800043e   0x0800043e   0x00000020   Code   RO         7932    .text               mc_w.l(llushr.o)
    0x0800045e   0x0800045e   0x00000000   Code   RO         7934    .text               mc_w.l(iusefp.o)
    0x0800045e   0x0800045e   0x0000006e   Code   RO         7935    .text               mf_w.l(fepilogue.o)
    0x080004cc   0x080004cc   0x00000024   Code   RO         7937    .text               mc_w.l(init.o)
    0x080004f0   0x080004f0   0x00000002   Code   RO         7056    i.BusFault_Handler  stm32h7xx_it.o
    0x080004f2   0x080004f2   0x00000002   PAD
    0x080004f4   0x080004f4   0x000000b4   Code   RO         7547    i.CAN1_send_current  can_receive_send.o
    0x080005a8   0x080005a8   0x00000002   Code   RO         7057    i.DMA1_Stream0_IRQHandler  stm32h7xx_it.o
    0x080005aa   0x080005aa   0x00000002   Code   RO         7058    i.DMA1_Stream1_IRQHandler  stm32h7xx_it.o
    0x080005ac   0x080005ac   0x00000002   Code   RO         7059    i.DMA1_Stream2_IRQHandler  stm32h7xx_it.o
    0x080005ae   0x080005ae   0x00000002   Code   RO         7060    i.DMA1_Stream3_IRQHandler  stm32h7xx_it.o
    0x080005b0   0x080005b0   0x00000002   Code   RO         7061    i.DMA1_Stream4_IRQHandler  stm32h7xx_it.o
    0x080005b2   0x080005b2   0x00000002   Code   RO         7062    i.DMA1_Stream5_IRQHandler  stm32h7xx_it.o
    0x080005b4   0x080005b4   0x00000002   Code   RO         7063    i.DMA1_Stream6_IRQHandler  stm32h7xx_it.o
    0x080005b6   0x080005b6   0x00000002   Code   RO         7064    i.DMA1_Stream7_IRQHandler  stm32h7xx_it.o
    0x080005b8   0x080005b8   0x00000002   Code   RO         7065    i.DMA2_Stream0_IRQHandler  stm32h7xx_it.o
    0x080005ba   0x080005ba   0x00000002   Code   RO         7066    i.DMA2_Stream1_IRQHandler  stm32h7xx_it.o
    0x080005bc   0x080005bc   0x0000000c   Code   RO         7067    i.DMA2_Stream4_IRQHandler  stm32h7xx_it.o
    0x080005c8   0x080005c8   0x0000000c   Code   RO         7068    i.DMA2_Stream5_IRQHandler  stm32h7xx_it.o
    0x080005d4   0x080005d4   0x0000000c   Code   RO         7069    i.DMA2_Stream6_IRQHandler  stm32h7xx_it.o
    0x080005e0   0x080005e0   0x0000000c   Code   RO         7070    i.DMA2_Stream7_IRQHandler  stm32h7xx_it.o
    0x080005ec   0x080005ec   0x000000b4   Code   RO         1387    i.DMA_CalcBaseAndBitshift  stm32h7xx_hal_dma.o
    0x080006a0   0x080006a0   0x0000009c   Code   RO         1388    i.DMA_CalcDMAMUXChannelBaseAndMask  stm32h7xx_hal_dma.o
    0x0800073c   0x0800073c   0x00000074   Code   RO         1389    i.DMA_CalcDMAMUXRequestGenBaseAndMask  stm32h7xx_hal_dma.o
    0x080007b0   0x080007b0   0x00000054   Code   RO         1390    i.DMA_CheckFifoParam  stm32h7xx_hal_dma.o
    0x08000804   0x08000804   0x00000002   Code   RO         7071    i.DebugMon_Handler  stm32h7xx_it.o
    0x08000806   0x08000806   0x00000004   Code   RO         6487    i.Error_Handler     main.o
    0x0800080a   0x0800080a   0x00000002   PAD
    0x0800080c   0x0800080c   0x0000000c   Code   RO         7072    i.FDCAN1_IT0_IRQHandler  stm32h7xx_it.o
    0x08000818   0x08000818   0x0000000c   Code   RO         7073    i.FDCAN1_IT1_IRQHandler  stm32h7xx_it.o
    0x08000824   0x08000824   0x0000000c   Code   RO         7074    i.FDCAN2_IT0_IRQHandler  stm32h7xx_it.o
    0x08000830   0x08000830   0x0000000c   Code   RO         7075    i.FDCAN2_IT1_IRQHandler  stm32h7xx_it.o
    0x0800083c   0x0800083c   0x0000000c   Code   RO         7076    i.FDCAN3_IT0_IRQHandler  stm32h7xx_it.o
    0x08000848   0x08000848   0x0000000c   Code   RO         7077    i.FDCAN3_IT1_IRQHandler  stm32h7xx_it.o
    0x08000854   0x08000854   0x000001c8   Code   RO         3647    i.FDCAN_CalcultateRamBlockAddresses  stm32h7xx_hal_fdcan.o
    0x08000a1c   0x08000a1c   0x0000007c   Code   RO         3648    i.FDCAN_CopyMessageToRAM  stm32h7xx_hal_fdcan.o
    0x08000a98   0x08000a98   0x00000360   Code   RO         1392    i.HAL_DMA_Abort     stm32h7xx_hal_dma.o
    0x08000df8   0x08000df8   0x00000284   Code   RO         1393    i.HAL_DMA_Abort_IT  stm32h7xx_hal_dma.o
    0x0800107c   0x0800107c   0x000006e8   Code   RO         1397    i.HAL_DMA_IRQHandler  stm32h7xx_hal_dma.o
    0x08001764   0x08001764   0x000003bc   Code   RO         1398    i.HAL_DMA_Init      stm32h7xx_hal_dma.o
    0x08001b20   0x08001b20   0x00000024   Code   RO         2242    i.HAL_Delay         stm32h7xx_hal.o
    0x08001b44   0x08001b44   0x00000088   Code   RO         3650    i.HAL_FDCAN_ActivateNotification  stm32h7xx_hal_fdcan.o
    0x08001bcc   0x08001bcc   0x00000066   Code   RO         3652    i.HAL_FDCAN_AddMessageToTxFifoQ  stm32h7xx_hal_fdcan.o
    0x08001c32   0x08001c32   0x00000002   Code   RO         3653    i.HAL_FDCAN_ClockCalibrationCallback  stm32h7xx_hal_fdcan.o
    0x08001c34   0x08001c34   0x0000007e   Code   RO         3657    i.HAL_FDCAN_ConfigFilter  stm32h7xx_hal_fdcan.o
    0x08001cb2   0x08001cb2   0x00000032   Code   RO         3658    i.HAL_FDCAN_ConfigGlobalFilter  stm32h7xx_hal_fdcan.o
    0x08001ce4   0x08001ce4   0x00000002   Code   RO         3679    i.HAL_FDCAN_ErrorCallback  stm32h7xx_hal_fdcan.o
    0x08001ce6   0x08001ce6   0x00000002   Code   RO         3680    i.HAL_FDCAN_ErrorStatusCallback  stm32h7xx_hal_fdcan.o
    0x08001ce8   0x08001ce8   0x0000018c   Code   RO         3691    i.HAL_FDCAN_GetRxMessage  stm32h7xx_hal_fdcan.o
    0x08001e74   0x08001e74   0x00000002   Code   RO         3697    i.HAL_FDCAN_HighPriorityMessageCallback  stm32h7xx_hal_fdcan.o
    0x08001e76   0x08001e76   0x00000002   PAD
    0x08001e78   0x08001e78   0x00000320   Code   RO         3698    i.HAL_FDCAN_IRQHandler  stm32h7xx_hal_fdcan.o
    0x08002198   0x08002198   0x00000244   Code   RO         3699    i.HAL_FDCAN_Init    stm32h7xx_hal_fdcan.o
    0x080023dc   0x080023dc   0x000001cc   Code   RO         6930    i.HAL_FDCAN_MspInit  fdcan.o
    0x080025a8   0x080025a8   0x00000002   Code   RO         3708    i.HAL_FDCAN_RxBufferNewMessageCallback  stm32h7xx_hal_fdcan.o
    0x080025aa   0x080025aa   0x00000002   PAD
    0x080025ac   0x080025ac   0x000000c4   Code   RO         7550    i.HAL_FDCAN_RxFifo0Callback  can_receive_send.o
    0x08002670   0x08002670   0x00000002   Code   RO         3710    i.HAL_FDCAN_RxFifo1Callback  stm32h7xx_hal_fdcan.o
    0x08002672   0x08002672   0x00000032   Code   RO         3711    i.HAL_FDCAN_Start   stm32h7xx_hal_fdcan.o
    0x080026a4   0x080026a4   0x00000002   Code   RO         3733    i.HAL_FDCAN_TT_GlobalTimeCallback  stm32h7xx_hal_fdcan.o
    0x080026a6   0x080026a6   0x00000002   Code   RO         3734    i.HAL_FDCAN_TT_ScheduleSyncCallback  stm32h7xx_hal_fdcan.o
    0x080026a8   0x080026a8   0x00000002   Code   RO         3739    i.HAL_FDCAN_TT_StopWatchCallback  stm32h7xx_hal_fdcan.o
    0x080026aa   0x080026aa   0x00000002   Code   RO         3740    i.HAL_FDCAN_TT_TimeMarkCallback  stm32h7xx_hal_fdcan.o
    0x080026ac   0x080026ac   0x00000002   Code   RO         3741    i.HAL_FDCAN_TimeoutOccurredCallback  stm32h7xx_hal_fdcan.o
    0x080026ae   0x080026ae   0x00000002   Code   RO         3742    i.HAL_FDCAN_TimestampWraparoundCallback  stm32h7xx_hal_fdcan.o
    0x080026b0   0x080026b0   0x00000002   Code   RO         3743    i.HAL_FDCAN_TxBufferAbortCallback  stm32h7xx_hal_fdcan.o
    0x080026b2   0x080026b2   0x00000002   Code   RO         3744    i.HAL_FDCAN_TxBufferCompleteCallback  stm32h7xx_hal_fdcan.o
    0x080026b4   0x080026b4   0x00000002   Code   RO         3745    i.HAL_FDCAN_TxEventFifoCallback  stm32h7xx_hal_fdcan.o
    0x080026b6   0x080026b6   0x00000002   Code   RO         3746    i.HAL_FDCAN_TxFifoEmptyCallback  stm32h7xx_hal_fdcan.o
    0x080026b8   0x080026b8   0x0000021c   Code   RO         1240    i.HAL_GPIO_Init     stm32h7xx_hal_gpio.o
    0x080028d4   0x080028d4   0x0000000a   Code   RO         1244    i.HAL_GPIO_WritePin  stm32h7xx_hal_gpio.o
    0x080028de   0x080028de   0x00000002   PAD
    0x080028e0   0x080028e0   0x0000000c   Code   RO         2258    i.HAL_GetTick       stm32h7xx_hal.o
    0x080028ec   0x080028ec   0x00000066   Code   RO         4265    i.HAL_IWDG_Init     stm32h7xx_hal_iwdg.o
    0x08002952   0x08002952   0x00000002   PAD
    0x08002954   0x08002954   0x00000010   Code   RO         2264    i.HAL_IncTick       stm32h7xx_hal.o
    0x08002964   0x08002964   0x0000005c   Code   RO         2265    i.HAL_Init          stm32h7xx_hal.o
    0x080029c0   0x080029c0   0x00000084   Code   RO         7364    i.HAL_InitTick      stm32h7xx_hal_timebase_tim.o
    0x08002a44   0x08002a44   0x00000024   Code   RO         7340    i.HAL_MspInit       stm32h7xx_hal_msp.o
    0x08002a68   0x08002a68   0x0000001a   Code   RO         2090    i.HAL_NVIC_EnableIRQ  stm32h7xx_hal_cortex.o
    0x08002a82   0x08002a82   0x00000002   PAD
    0x08002a84   0x08002a84   0x00000040   Code   RO         2096    i.HAL_NVIC_SetPriority  stm32h7xx_hal_cortex.o
    0x08002ac4   0x08002ac4   0x00000024   Code   RO         2097    i.HAL_NVIC_SetPriorityGrouping  stm32h7xx_hal_cortex.o
    0x08002ae8   0x08002ae8   0x00000054   Code   RO         1841    i.HAL_PWREx_ConfigSupply  stm32h7xx_hal_pwr_ex.o
    0x08002b3c   0x08002b3c   0x00000024   Code   RO          883    i.HAL_RCCEx_GetD3PCLK1Freq  stm32h7xx_hal_rcc_ex.o
    0x08002b60   0x08002b60   0x00000144   Code   RO          885    i.HAL_RCCEx_GetPLL2ClockFreq  stm32h7xx_hal_rcc_ex.o
    0x08002ca4   0x08002ca4   0x00000144   Code   RO          886    i.HAL_RCCEx_GetPLL3ClockFreq  stm32h7xx_hal_rcc_ex.o
    0x08002de8   0x08002de8   0x0000093a   Code   RO          892    i.HAL_RCCEx_PeriphCLKConfig  stm32h7xx_hal_rcc_ex.o
    0x08003722   0x08003722   0x00000002   PAD
    0x08003724   0x08003724   0x0000025c   Code   RO          768    i.HAL_RCC_ClockConfig  stm32h7xx_hal_rcc.o
    0x08003980   0x08003980   0x0000005c   Code   RO          772    i.HAL_RCC_GetClockConfig  stm32h7xx_hal_rcc.o
    0x080039dc   0x080039dc   0x00000044   Code   RO          773    i.HAL_RCC_GetHCLKFreq  stm32h7xx_hal_rcc.o
    0x08003a20   0x08003a20   0x00000024   Code   RO          775    i.HAL_RCC_GetPCLK1Freq  stm32h7xx_hal_rcc.o
    0x08003a44   0x08003a44   0x00000024   Code   RO          776    i.HAL_RCC_GetPCLK2Freq  stm32h7xx_hal_rcc.o
    0x08003a68   0x08003a68   0x00000138   Code   RO          777    i.HAL_RCC_GetSysClockFreq  stm32h7xx_hal_rcc.o
    0x08003ba0   0x08003ba0   0x00000094   Code   RO          778    i.HAL_RCC_MCOConfig  stm32h7xx_hal_rcc.o
    0x08003c34   0x08003c34   0x00000526   Code   RO          780    i.HAL_RCC_OscConfig  stm32h7xx_hal_rcc.o
    0x0800415a   0x0800415a   0x00000002   PAD
    0x0800415c   0x0800415c   0x0000008c   Code   RO         6331    i.HAL_RS485Ex_Init  stm32h7xx_hal_uart_ex.o
    0x080041e8   0x080041e8   0x00000002   Code   RO         5609    i.HAL_TIMEx_Break2Callback  stm32h7xx_hal_tim_ex.o
    0x080041ea   0x080041ea   0x00000002   Code   RO         5610    i.HAL_TIMEx_BreakCallback  stm32h7xx_hal_tim_ex.o
    0x080041ec   0x080041ec   0x00000002   Code   RO         5611    i.HAL_TIMEx_CommutCallback  stm32h7xx_hal_tim_ex.o
    0x080041ee   0x080041ee   0x00000002   PAD
    0x080041f0   0x080041f0   0x000000a0   Code   RO         5613    i.HAL_TIMEx_ConfigBreakDeadTime  stm32h7xx_hal_tim_ex.o
    0x08004290   0x08004290   0x000000b8   Code   RO         5632    i.HAL_TIMEx_MasterConfigSynchronization  stm32h7xx_hal_tim_ex.o
    0x08004348   0x08004348   0x00000062   Code   RO         4895    i.HAL_TIM_Base_Init  stm32h7xx_hal_tim.o
    0x080043aa   0x080043aa   0x00000002   PAD
    0x080043ac   0x080043ac   0x00000108   Code   RO         7404    i.HAL_TIM_Base_MspInit  tim.o
    0x080044b4   0x080044b4   0x000000a0   Code   RO         4900    i.HAL_TIM_Base_Start_IT  stm32h7xx_hal_tim.o
    0x08004554   0x08004554   0x00000002   Code   RO         4929    i.HAL_TIM_IC_CaptureCallback  stm32h7xx_hal_tim.o
    0x08004556   0x08004556   0x00000148   Code   RO         4943    i.HAL_TIM_IRQHandler  stm32h7xx_hal_tim.o
    0x0800469e   0x0800469e   0x00000002   PAD
    0x080046a0   0x080046a0   0x000000d8   Code   RO         7405    i.HAL_TIM_MspPostInit  tim.o
    0x08004778   0x08004778   0x00000002   Code   RO         4946    i.HAL_TIM_OC_DelayElapsedCallback  stm32h7xx_hal_tim.o
    0x0800477a   0x0800477a   0x00000124   Code   RO         4967    i.HAL_TIM_PWM_ConfigChannel  stm32h7xx_hal_tim.o
    0x0800489e   0x0800489e   0x00000062   Code   RO         4970    i.HAL_TIM_PWM_Init  stm32h7xx_hal_tim.o
    0x08004900   0x08004900   0x00000068   Code   RO         7407    i.HAL_TIM_PWM_MspInit  tim.o
    0x08004968   0x08004968   0x00000002   Code   RO         4973    i.HAL_TIM_PWM_PulseFinishedCallback  stm32h7xx_hal_tim.o
    0x0800496a   0x0800496a   0x00000002   PAD
    0x0800496c   0x0800496c   0x00000088   Code   RO         6488    i.HAL_TIM_PeriodElapsedCallback  main.o
    0x080049f4   0x080049f4   0x00000002   Code   RO         4986    i.HAL_TIM_TriggerCallback  stm32h7xx_hal_tim.o
    0x080049f6   0x080049f6   0x00000040   Code   RO         6332    i.HAL_UARTEx_DisableFifoMode  stm32h7xx_hal_uart_ex.o
    0x08004a36   0x08004a36   0x00000002   Code   RO         5921    i.HAL_UARTEx_RxEventCallback  stm32h7xx_hal_uart.o
    0x08004a38   0x08004a38   0x00000002   Code   RO         6340    i.HAL_UARTEx_RxFifoFullCallback  stm32h7xx_hal_uart_ex.o
    0x08004a3a   0x08004a3a   0x0000004c   Code   RO         6341    i.HAL_UARTEx_SetRxFifoThreshold  stm32h7xx_hal_uart_ex.o
    0x08004a86   0x08004a86   0x0000004c   Code   RO         6342    i.HAL_UARTEx_SetTxFifoThreshold  stm32h7xx_hal_uart_ex.o
    0x08004ad2   0x08004ad2   0x00000002   Code   RO         6344    i.HAL_UARTEx_TxFifoEmptyCallback  stm32h7xx_hal_uart_ex.o
    0x08004ad4   0x08004ad4   0x00000002   Code   RO         6345    i.HAL_UARTEx_WakeupCallback  stm32h7xx_hal_uart_ex.o
    0x08004ad6   0x08004ad6   0x00000002   Code   RO         5937    i.HAL_UART_ErrorCallback  stm32h7xx_hal_uart.o
    0x08004ad8   0x08004ad8   0x00000388   Code   RO         5940    i.HAL_UART_IRQHandler  stm32h7xx_hal_uart.o
    0x08004e60   0x08004e60   0x0000006a   Code   RO         5941    i.HAL_UART_Init     stm32h7xx_hal_uart.o
    0x08004eca   0x08004eca   0x00000002   PAD
    0x08004ecc   0x08004ecc   0x00000630   Code   RO         6985    i.HAL_UART_MspInit  usart.o
    0x080054fc   0x080054fc   0x00000002   Code   RO         5953    i.HAL_UART_TxCpltCallback  stm32h7xx_hal_uart.o
    0x080054fe   0x080054fe   0x00000002   Code   RO         7078    i.HardFault_Handler  stm32h7xx_it.o
    0x08005500   0x08005500   0x00000064   Code   RO         6931    i.MX_FDCAN1_Init    fdcan.o
    0x08005564   0x08005564   0x00000068   Code   RO         6932    i.MX_FDCAN2_Init    fdcan.o
    0x080055cc   0x080055cc   0x00000068   Code   RO         6933    i.MX_FDCAN3_Init    fdcan.o
    0x08005634   0x08005634   0x000000f8   Code   RO         6899    i.MX_GPIO_Init      gpio.o
    0x0800572c   0x0800572c   0x00000030   Code   RO         7517    i.MX_IWDG1_Init     iwdg.o
    0x0800575c   0x0800575c   0x00000070   Code   RO         7408    i.MX_TIM12_Init     tim.o
    0x080057cc   0x080057cc   0x00000034   Code   RO         7409    i.MX_TIM13_Init     tim.o
    0x08005800   0x08005800   0x00000034   Code   RO         7410    i.MX_TIM14_Init     tim.o
    0x08005834   0x08005834   0x00000038   Code   RO         7411    i.MX_TIM16_Init     tim.o
    0x0800586c   0x0800586c   0x00000034   Code   RO         7412    i.MX_TIM17_Init     tim.o
    0x080058a0   0x080058a0   0x000000c0   Code   RO         7413    i.MX_TIM1_Init      tim.o
    0x08005960   0x08005960   0x00000084   Code   RO         7414    i.MX_TIM2_Init      tim.o
    0x080059e4   0x080059e4   0x00000074   Code   RO         7415    i.MX_TIM3_Init      tim.o
    0x08005a58   0x08005a58   0x00000048   Code   RO         7416    i.MX_TIM6_Init      tim.o
    0x08005aa0   0x08005aa0   0x00000048   Code   RO         7417    i.MX_TIM7_Init      tim.o
    0x08005ae8   0x08005ae8   0x00000068   Code   RO         6987    i.MX_UART7_Init     usart.o
    0x08005b50   0x08005b50   0x00000068   Code   RO         6988    i.MX_USART10_UART_Init  usart.o
    0x08005bb8   0x08005bb8   0x00000068   Code   RO         6989    i.MX_USART1_UART_Init  usart.o
    0x08005c20   0x08005c20   0x0000006c   Code   RO         6990    i.MX_USART2_UART_Init  usart.o
    0x08005c8c   0x08005c8c   0x0000006c   Code   RO         6991    i.MX_USART3_UART_Init  usart.o
    0x08005cf8   0x08005cf8   0x00000002   Code   RO         7079    i.MemManage_Handler  stm32h7xx_it.o
    0x08005cfa   0x08005cfa   0x00000002   Code   RO         7080    i.NMI_Handler       stm32h7xx_it.o
    0x08005cfc   0x08005cfc   0x00000002   Code   RO         7081    i.OTG_HS_IRQHandler  stm32h7xx_it.o
    0x08005cfe   0x08005cfe   0x00000002   PAD
    0x08005d00   0x08005d00   0x00000120   Code   RO          895    i.RCCEx_PLL2_Config  stm32h7xx_hal_rcc_ex.o
    0x08005e20   0x08005e20   0x00000120   Code   RO          896    i.RCCEx_PLL3_Config  stm32h7xx_hal_rcc_ex.o
    0x08005f40   0x08005f40   0x00000002   Code   RO         7082    i.SPI2_IRQHandler   stm32h7xx_it.o
    0x08005f42   0x08005f42   0x00000002   PAD
    0x08005f44   0x08005f44   0x000000a8   Code   RO         6489    i.SystemClock_Config  main.o
    0x08005fec   0x08005fec   0x000000c0   Code   RO         6451    i.SystemInit        system_stm32h7xx.o
    0x080060ac   0x080060ac   0x0000000c   Code   RO         7083    i.TIM16_IRQHandler  stm32h7xx_it.o
    0x080060b8   0x080060b8   0x0000000c   Code   RO         7084    i.TIM17_IRQHandler  stm32h7xx_it.o
    0x080060c4   0x080060c4   0x0000000c   Code   RO         7085    i.TIM23_IRQHandler  stm32h7xx_it.o
    0x080060d0   0x080060d0   0x0000000c   Code   RO         7086    i.TIM6_DAC_IRQHandler  stm32h7xx_it.o
    0x080060dc   0x080060dc   0x0000000c   Code   RO         7087    i.TIM7_IRQHandler   stm32h7xx_it.o
    0x080060e8   0x080060e8   0x0000000c   Code   RO         7088    i.TIM8_TRG_COM_TIM14_IRQHandler  stm32h7xx_it.o
    0x080060f4   0x080060f4   0x0000000c   Code   RO         7089    i.TIM8_UP_TIM13_IRQHandler  stm32h7xx_it.o
    0x08006100   0x08006100   0x000000e4   Code   RO         4988    i.TIM_Base_SetConfig  stm32h7xx_hal_tim.o
    0x080061e4   0x080061e4   0x000000a4   Code   RO         5001    i.TIM_OC1_SetConfig  stm32h7xx_hal_tim.o
    0x08006288   0x08006288   0x00000098   Code   RO         5002    i.TIM_OC2_SetConfig  stm32h7xx_hal_tim.o
    0x08006320   0x08006320   0x00000098   Code   RO         5003    i.TIM_OC3_SetConfig  stm32h7xx_hal_tim.o
    0x080063b8   0x080063b8   0x00000078   Code   RO         5004    i.TIM_OC4_SetConfig  stm32h7xx_hal_tim.o
    0x08006430   0x08006430   0x00000074   Code   RO         5005    i.TIM_OC5_SetConfig  stm32h7xx_hal_tim.o
    0x080064a4   0x080064a4   0x00000074   Code   RO         5006    i.TIM_OC6_SetConfig  stm32h7xx_hal_tim.o
    0x08006518   0x08006518   0x00000002   Code   RO         7090    i.UART5_IRQHandler  stm32h7xx_it.o
    0x0800651a   0x0800651a   0x00000002   Code   RO         7091    i.UART7_IRQHandler  stm32h7xx_it.o
    0x0800651c   0x0800651c   0x00000044   Code   RO         6346    i.UARTEx_SetNbDataToProcess  stm32h7xx_hal_uart_ex.o
    0x08006560   0x08006560   0x000000c8   Code   RO         5955    i.UART_AdvFeatureConfig  stm32h7xx_hal_uart.o
    0x08006628   0x08006628   0x000000aa   Code   RO         5956    i.UART_CheckIdleState  stm32h7xx_hal_uart.o
    0x080066d2   0x080066d2   0x00000014   Code   RO         5957    i.UART_DMAAbortOnError  stm32h7xx_hal_uart.o
    0x080066e6   0x080066e6   0x00000002   PAD
    0x080066e8   0x080066e8   0x00000054   Code   RO         5967    i.UART_EndRxTransfer  stm32h7xx_hal_uart.o
    0x0800673c   0x0800673c   0x000003dc   Code   RO         5973    i.UART_SetConfig    stm32h7xx_hal_uart.o
    0x08006b18   0x08006b18   0x00000094   Code   RO         5980    i.UART_WaitOnFlagUntilTimeout  stm32h7xx_hal_uart.o
    0x08006bac   0x08006bac   0x00000002   Code   RO         7092    i.USART10_IRQHandler  stm32h7xx_it.o
    0x08006bae   0x08006bae   0x00000002   Code   RO         7093    i.USART1_IRQHandler  stm32h7xx_it.o
    0x08006bb0   0x08006bb0   0x0000000c   Code   RO         7094    i.USART2_IRQHandler  stm32h7xx_it.o
    0x08006bbc   0x08006bbc   0x0000000c   Code   RO         7095    i.USART3_IRQHandler  stm32h7xx_it.o
    0x08006bc8   0x08006bc8   0x00000002   Code   RO         7096    i.UsageFault_Handler  stm32h7xx_it.o
    0x08006bca   0x08006bca   0x00000022   Code   RO         2103    i.__NVIC_SetPriority  stm32h7xx_hal_cortex.o
    0x08006bec   0x08006bec   0x0000000e   Code   RO         7941    i.__scatterload_copy  mc_w.l(handlers.o)
    0x08006bfa   0x08006bfa   0x00000002   Code   RO         7942    i.__scatterload_null  mc_w.l(handlers.o)
    0x08006bfc   0x08006bfc   0x0000000e   Code   RO         7943    i.__scatterload_zeroinit  mc_w.l(handlers.o)
    0x08006c0a   0x08006c0a   0x00000002   PAD
    0x08006c0c   0x08006c0c   0x0000009c   Code   RO         7551    i.can_filter_init   can_receive_send.o
    0x08006ca8   0x08006ca8   0x00000074   Code   RO         7556    i.decode_as_3508    can_receive_send.o
    0x08006d1c   0x08006d1c   0x0000001c   Code   RO         7560    i.fdcanx_receive    can_receive_send.o
    0x08006d38   0x08006d38   0x0000001c   Code   RO         7563    i.get_motor_measure  can_receive_send.o
    0x08006d54   0x08006d54   0x00000074   Code   RO         6490    i.main              main.o
    0x08006dc8   0x08006dc8   0x0000009c   Code   RO         7564    i.process_motor_data  can_receive_send.o
    0x08006e64   0x08006e64   0x00000008   Data   RO         1404    .constdata          stm32h7xx_hal_dma.o
    0x08006e6c   0x08006e6c   0x0000005c   Data   RO         3747    .constdata          stm32h7xx_hal_fdcan.o
    0x08006ec8   0x08006ec8   0x00000018   Data   RO         5981    .constdata          stm32h7xx_hal_uart.o
    0x08006ee0   0x08006ee0   0x00000010   Data   RO         6347    .constdata          stm32h7xx_hal_uart_ex.o
    0x08006ef0   0x08006ef0   0x00000010   Data   RO         6452    .constdata          system_stm32h7xx.o
    0x08006f00   0x08006f00   0x00000020   Data   RO         7939    Region$$Table       anon$$obj.o


    Execution Region RW_IRAM1 (Exec base: 0x20000000, Load base: 0x08006f20, Size: 0x00000000, Max: 0x00020000, ABSOLUTE)

    **** No section assigned to this execution region ****


    Execution Region RW_IRAM2 (Exec base: 0x24000000, Load base: 0x08006f20, Size: 0x00011628, Max: 0x00050000, ABSOLUTE)

    Exec Addr    Load Addr    Size         Type   Attr      Idx    E Section Name        Object

    0x24000000   0x08006f20   0x0000000c   Data   RW         2289    .data               stm32h7xx_hal.o
    0x2400000c   0x08006f2c   0x00000008   Data   RW         6453    .data               system_stm32h7xx.o
    0x24000014   0x08006f34   0x00000018   Data   RW         6492    .data               main.o
    0x2400002c   0x08006f4c   0x00000004   Data   RW         6935    .data               fdcan.o
    0x24000030        -       0x000001e0   Zero   RW         6934    .bss                fdcan.o
    0x24000210        -       0x00000918   Zero   RW         6992    .bss                usart.o
    0x24000b28        -       0x0000004c   Zero   RW         7367    .bss                stm32h7xx_hal_timebase_tim.o
    0x24000b74        -       0x000002f8   Zero   RW         7418    .bss                tim.o
    0x24000e6c        -       0x00000010   Zero   RW         7518    .bss                iwdg.o
    0x24000e7c   0x08006f50   0x00000004   PAD
    0x24000e80        -       0x000007a8   Zero   RW         7567    .bss                can_receive_send.o
    0x24001628        -       0x00010000   Zero   RW            1    STACK               startup_stm32h723xx.o


==============================================================================

Image component sizes


      Code (inc. data)   RO Data    RW Data    ZI Data      Debug   Object Name

       860         62          0          0       1960       9018   can_receive_send.o
       768         52          0          4        480       3637   fdcan.o
       248         18          0          0          0       1199   gpio.o
        48         10          0          0         16        749   iwdg.o
       424         36          0         24          0    1077245   main.o
        36          8        716          0      65536        848   startup_stm32h723xx.o
       156         32          0         12          0      23058   stm32h7xx_hal.o
       160         12          0          0          0      38874   stm32h7xx_hal_cortex.o
      4768        176          8          0          0      10023   stm32h7xx_hal_dma.o
      2852         50         92          0          0      22800   stm32h7xx_hal_fdcan.o
       550         44          0          0          0       2348   stm32h7xx_hal_gpio.o
       102          0          0          0          0       1472   stm32h7xx_hal_iwdg.o
        36          4          0          0          0        970   stm32h7xx_hal_msp.o
         0          0          0          0          0    1218384   stm32h7xx_hal_pcd.o
        84          6          0          0          0        801   stm32h7xx_hal_pwr_ex.o
      2614        128          0          0          0       8861   stm32h7xx_hal_rcc.o
      3622        112          0          0          0       7897   stm32h7xx_hal_rcc_ex.o
      2032        234          0          0          0      13668   stm32h7xx_hal_tim.o
       350         48          0          0          0       4236   stm32h7xx_hal_tim_ex.o
       132         22          0          0         76       1620   stm32h7xx_hal_timebase_tim.o
      2626        148         24          0          0      30192   stm32h7xx_hal_uart.o
       430         10         16          0          0       6621   stm32h7xx_hal_uart_ex.o
       272        114          0          0          0      19466   stm32h7xx_it.o
       192         34         16          8          0       1526   system_stm32h7xx.o
      1492        164          0          0        760       9357   tim.o
      2112        148          0          0       2328       6663   usart.o

    ----------------------------------------------------------------------
     27000       1672        904         48      71160    2521533   Object Totals
         0          0         32          0          0          0   (incl. Generated)
        34          0          0          0          4          0   (incl. Padding)

    ----------------------------------------------------------------------

      Code (inc. data)   RO Data    RW Data    ZI Data      Debug   Library Member Name

         0          0          0          0          0          0   entry.o
         0          0          0          0          0          0   entry10a.o
         0          0          0          0          0          0   entry11a.o
         4          0          0          0          0          0   entry12b.o
         8          4          0          0          0          0   entry2.o
         4          0          0          0          0          0   entry5.o
         0          0          0          0          0          0   entry7b.o
         0          0          0          0          0          0   entry8b.o
         8          4          0          0          0          0   entry9a.o
        30          0          0          0          0          0   handlers.o
        36          8          0          0          0         68   init.o
         0          0          0          0          0          0   iusefp.o
        30          0          0          0          0         68   llshl.o
        32          0          0          0          0         68   llushr.o
        36          0          0          0          0         68   memcpya.o
        36          0          0          0          0        108   memseta.o
        98          0          0          0          0         92   uldiv.o
       110          0          0          0          0        168   fepilogue.o
        66          0          0          0          0         76   ffixl.o
        44          0          0          0          0         92   ffltl.o

    ----------------------------------------------------------------------
       544         16          0          0          0        808   Library Totals
         2          0          0          0          0          0   (incl. Padding)

    ----------------------------------------------------------------------

      Code (inc. data)   RO Data    RW Data    ZI Data      Debug   Library Name

       322         16          0          0          0        472   mc_w.l
       220          0          0          0          0        336   mf_w.l

    ----------------------------------------------------------------------
       544         16          0          0          0        808   Library Totals

    ----------------------------------------------------------------------

==============================================================================


      Code (inc. data)   RO Data    RW Data    ZI Data      Debug   

     27544       1688        904         48      71160    2504933   Grand Totals
     27544       1688        904         48      71160    2504933   ELF Image Totals
     27544       1688        904         48          0          0   ROM Totals

==============================================================================

    Total RO  Size (Code + RO Data)                28448 (  27.78kB)
    Total RW  Size (RW Data + ZI Data)             71208 (  69.54kB)
    Total ROM Size (Code + RO Data + RW Data)      28496 (  27.83kB)

==============================================================================

